main.c:122:5:main	8	static
main.c:194:6:SystemClock_Config	88	static
main.c:240:13:MX_ADC1_Init	24	static
main.c:290:13:MX_I2C1_Init	8	static
main.c:324:13:MX_TIM4_Init	64	static
main.c:383:13:MX_USART2_UART_Init	8	static
main.c:416:13:MX_GPIO_Init	56	static
main.c:515:6:Init_tasks	40	static,ignoring_inline_asm
main.c:532:6:Init_semaphores	24	static,ignoring_inline_asm
main.c:546:6:Init_queues	24	static,ignoring_inline_asm
main.c:558:6:Init_timers	24	static
main.c:566:6:HAL_UART_RxCpltCallback	32	static,ignoring_inline_asm
main.c:614:6:HAL_GPIO_EXTI_Callback	40	static,ignoring_inline_asm
main.c:682:6:HAL_I2C_MasterTxCpltCallback	16	static
main.c:687:6:HAL_I2C_MasterRxCpltCallback	24	static,ignoring_inline_asm
main.c:704:6:HAL_I2C_ErrorCallback	16	static
main.c:713:6:AGM_ADC_timer_callback	72	static
main.c:820:6:Buttons_timer_callback	24	static
main.c:856:6:HAL_ADC_ConvCpltCallback	24	static,ignoring_inline_asm
main.c:878:6:HAL_ADC_ErrorCallback	16	static
main.c:883:6:vApplicationIdleHook	8	static
main.c:899:6:HAL_TIM_PeriodElapsedCallback	16	static
main.c:916:6:Error_Handler	4	static,ignoring_inline_asm
