Task_handles.c:23:6:vprint_LCD	24	static
Task_handles.c:58:6:vuart_deco	24	static
Task_handles.c:71:6:vuart_out	32	static
Task_handles.c:83:6:vall_menus_handler	128	static
Task_handles.c:370:6:send_to_lcd	16	static
Task_handles.c:401:13:process_command	40	static
Task_handles.c:426:12:extract_command	32	static
Task_handles.c:450:6:Acel_Init	24	static
Task_handles.c:465:6:Gyro_Init	24	static
Task_handles.c:491:6:Mag_Init	24	static
Task_handles.c:507:6:Acel_read_data	40	static
Task_handles.c:536:6:Gyro_read_data	40	static
Task_handles.c:569:6:Mag_read_data	40	static
Task_handles.c:598:7:conv_adc_volt	16	static
Task_handles.c:609:7:conv_pwm_ext_volt	16	static
Task_handles.c:620:13:data_to_main_plus	32	static
Task_handles.c:630:13:desactivar_botones	8	static
Task_handles.c:639:13:activar_botones	8	static
Task_handles.c:659:6:cambio_giro_motor	16	static
Task_handles.c:685:6:read_send_datos	16	static
Task_handles.c:713:7:read_sensors	16	static
Task_handles.c:750:6:send_data_uart	56	static
Task_handles.c:811:6:active_pwm_pot	16	static
Task_handles.c:824:6:conf_pwm_ext	24	static
Task_handles.c:869:6:send_data_inv	16	static
Task_handles.c:878:6:change_display_state	32	static
