Archive member included to satisfy reference by file (symbol)

c:/st/stm32cubeide_1.4.0/stm32cubeide/plugins/com.st.stm32cube.ide.mcu.externaltools.gnu-tools-for-stm32.9-2020-q2-update.win32_1.5.0.202011040924/tools/bin/../lib/gcc/arm-none-eabi/9.3.1/../../../../arm-none-eabi/lib/thumb/v7e-m+fp/hard\libc_nano.a(lib_a-errno.o)
                              Core/Src/syscalls.o (__errno)
c:/st/stm32cubeide_1.4.0/stm32cubeide/plugins/com.st.stm32cube.ide.mcu.externaltools.gnu-tools-for-stm32.9-2020-q2-update.win32_1.5.0.202011040924/tools/bin/../lib/gcc/arm-none-eabi/9.3.1/../../../../arm-none-eabi/lib/thumb/v7e-m+fp/hard\libc_nano.a(lib_a-exit.o)
                              c:/st/stm32cubeide_1.4.0/stm32cubeide/plugins/com.st.stm32cube.ide.mcu.externaltools.gnu-tools-for-stm32.9-2020-q2-update.win32_1.5.0.202011040924/tools/bin/../lib/gcc/arm-none-eabi/9.3.1/../../../../arm-none-eabi/lib/thumb/v7e-m+fp/hard/crt0.o (exit)
c:/st/stm32cubeide_1.4.0/stm32cubeide/plugins/com.st.stm32cube.ide.mcu.externaltools.gnu-tools-for-stm32.9-2020-q2-update.win32_1.5.0.202011040924/tools/bin/../lib/gcc/arm-none-eabi/9.3.1/../../../../arm-none-eabi/lib/thumb/v7e-m+fp/hard\libc_nano.a(lib_a-impure.o)
                              c:/st/stm32cubeide_1.4.0/stm32cubeide/plugins/com.st.stm32cube.ide.mcu.externaltools.gnu-tools-for-stm32.9-2020-q2-update.win32_1.5.0.202011040924/tools/bin/../lib/gcc/arm-none-eabi/9.3.1/../../../../arm-none-eabi/lib/thumb/v7e-m+fp/hard\libc_nano.a(lib_a-exit.o) (_global_impure_ptr)
c:/st/stm32cubeide_1.4.0/stm32cubeide/plugins/com.st.stm32cube.ide.mcu.externaltools.gnu-tools-for-stm32.9-2020-q2-update.win32_1.5.0.202011040924/tools/bin/../lib/gcc/arm-none-eabi/9.3.1/../../../../arm-none-eabi/lib/thumb/v7e-m+fp/hard\libc_nano.a(lib_a-init.o)
                              c:/st/stm32cubeide_1.4.0/stm32cubeide/plugins/com.st.stm32cube.ide.mcu.externaltools.gnu-tools-for-stm32.9-2020-q2-update.win32_1.5.0.202011040924/tools/bin/../lib/gcc/arm-none-eabi/9.3.1/../../../../arm-none-eabi/lib/thumb/v7e-m+fp/hard/crt0.o (__libc_init_array)
c:/st/stm32cubeide_1.4.0/stm32cubeide/plugins/com.st.stm32cube.ide.mcu.externaltools.gnu-tools-for-stm32.9-2020-q2-update.win32_1.5.0.202011040924/tools/bin/../lib/gcc/arm-none-eabi/9.3.1/../../../../arm-none-eabi/lib/thumb/v7e-m+fp/hard\libc_nano.a(lib_a-memcmp.o)
                              ThirdParty/SEGGER/OS/SEGGER_SYSVIEW_FreeRTOS.o (memcmp)
c:/st/stm32cubeide_1.4.0/stm32cubeide/plugins/com.st.stm32cube.ide.mcu.externaltools.gnu-tools-for-stm32.9-2020-q2-update.win32_1.5.0.202011040924/tools/bin/../lib/gcc/arm-none-eabi/9.3.1/../../../../arm-none-eabi/lib/thumb/v7e-m+fp/hard\libc_nano.a(lib_a-memcpy-stub.o)
                              ThirdParty/FreeRTOS/queue.o (memcpy)
c:/st/stm32cubeide_1.4.0/stm32cubeide/plugins/com.st.stm32cube.ide.mcu.externaltools.gnu-tools-for-stm32.9-2020-q2-update.win32_1.5.0.202011040924/tools/bin/../lib/gcc/arm-none-eabi/9.3.1/../../../../arm-none-eabi/lib/thumb/v7e-m+fp/hard\libc_nano.a(lib_a-memset.o)
                              c:/st/stm32cubeide_1.4.0/stm32cubeide/plugins/com.st.stm32cube.ide.mcu.externaltools.gnu-tools-for-stm32.9-2020-q2-update.win32_1.5.0.202011040924/tools/bin/../lib/gcc/arm-none-eabi/9.3.1/../../../../arm-none-eabi/lib/thumb/v7e-m+fp/hard/crt0.o (memset)
c:/st/stm32cubeide_1.4.0/stm32cubeide/plugins/com.st.stm32cube.ide.mcu.externaltools.gnu-tools-for-stm32.9-2020-q2-update.win32_1.5.0.202011040924/tools/bin/../lib/gcc/arm-none-eabi/9.3.1/../../../../arm-none-eabi/lib/thumb/v7e-m+fp/hard\libc_nano.a(lib_a-nano-vfprintf_float.o)
                              (_printf_float)
c:/st/stm32cubeide_1.4.0/stm32cubeide/plugins/com.st.stm32cube.ide.mcu.externaltools.gnu-tools-for-stm32.9-2020-q2-update.win32_1.5.0.202011040924/tools/bin/../lib/gcc/arm-none-eabi/9.3.1/../../../../arm-none-eabi/lib/thumb/v7e-m+fp/hard\libc_nano.a(lib_a-nano-vfprintf_i.o)
                              c:/st/stm32cubeide_1.4.0/stm32cubeide/plugins/com.st.stm32cube.ide.mcu.externaltools.gnu-tools-for-stm32.9-2020-q2-update.win32_1.5.0.202011040924/tools/bin/../lib/gcc/arm-none-eabi/9.3.1/../../../../arm-none-eabi/lib/thumb/v7e-m+fp/hard\libc_nano.a(lib_a-nano-vfprintf_float.o) (_printf_common)
c:/st/stm32cubeide_1.4.0/stm32cubeide/plugins/com.st.stm32cube.ide.mcu.externaltools.gnu-tools-for-stm32.9-2020-q2-update.win32_1.5.0.202011040924/tools/bin/../lib/gcc/arm-none-eabi/9.3.1/../../../../arm-none-eabi/lib/thumb/v7e-m+fp/hard\libc_nano.a(lib_a-snprintf.o)
                              Core/Src/Task_handles.o (snprintf)
c:/st/stm32cubeide_1.4.0/stm32cubeide/plugins/com.st.stm32cube.ide.mcu.externaltools.gnu-tools-for-stm32.9-2020-q2-update.win32_1.5.0.202011040924/tools/bin/../lib/gcc/arm-none-eabi/9.3.1/../../../../arm-none-eabi/lib/thumb/v7e-m+fp/hard\libc_nano.a(lib_a-sprintf.o)
                              Core/Src/Task_handles.o (sprintf)
[...]
Memory Configuration

Name             Origin             Length             Attributes
RAM              0x0000000020000000 0x0000000000020000 xrw
FLASH            0x0000000008000000 0x0000000000080000 xr
*default*        0x0000000000000000 0xffffffffffffffff

Linker script and memory map

LOAD c:/st/stm32cubeide_1.4.0/stm32cubeide/plugins/com.st.stm32cube.ide.mcu.externaltools.gnu-tools-for-stm32.9-2020-q2-update.win32_1.5.0.202011040924/tools/bin/../lib/gcc/arm-none-eabi/9.3.1/thumb/v7e-m+fp/hard/crti.o
LOAD c:/st/stm32cubeide_1.4.0/stm32cubeide/plugins/com.st.stm32cube.ide.mcu.externaltools.gnu-tools-for-stm32.9-2020-q2-update.win32_1.5.0.202011040924/tools/bin/../lib/gcc/arm-none-eabi/9.3.1/thumb/v7e-m+fp/hard/crtbegin.o
LOAD c:/st/stm32cubeide_1.4.0/stm32cubeide/plugins/com.st.stm32cube.ide.mcu.externaltools.gnu-tools-for-stm32.9-2020-q2-update.win32_1.5.0.202011040924/tools/bin/../lib/gcc/arm-none-eabi/9.3.1/../../../../arm-none-eabi/lib/thumb/v7e-m+fp/hard/crt0.o
LOAD Core/Src/Task_handles.o
LOAD Core/Src/lcd.o
LOAD Core/Src/main.o
LOAD Core/Src/stm32f4xx_hal_msp.o
LOAD Core/Src/stm32f4xx_hal_timebase_tim.o
LOAD Core/Src/stm32f4xx_it.o
LOAD Core/Src/syscalls.o
LOAD Core/Src/sysmem.o
LOAD Core/Src/system_stm32f4xx.o
LOAD Core/Startup/startup_stm32f446zetx.o
LOAD Drivers/STM32F4xx_HAL_Driver/Src/stm32f4xx_hal.o
LOAD Drivers/STM32F4xx_HAL_Driver/Src/stm32f4xx_hal_adc.o
LOAD Drivers/STM32F4xx_HAL_Driver/Src/stm32f4xx_hal_adc_ex.o
LOAD Drivers/STM32F4xx_HAL_Driver/Src/stm32f4xx_hal_cortex.o
LOAD Drivers/STM32F4xx_HAL_Driver/Src/stm32f4xx_hal_dma.o
LOAD Drivers/STM32F4xx_HAL_Driver/Src/stm32f4xx_hal_dma_ex.o
LOAD Drivers/STM32F4xx_HAL_Driver/Src/stm32f4xx_hal_exti.o
LOAD Drivers/STM32F4xx_HAL_Driver/Src/stm32f4xx_hal_flash.o
LOAD Drivers/STM32F4xx_HAL_Driver/Src/stm32f4xx_hal_flash_ex.o
LOAD Drivers/STM32F4xx_HAL_Driver/Src/stm32f4xx_hal_flash_ramfunc.o
LOAD Drivers/STM32F4xx_HAL_Driver/Src/stm32f4xx_hal_gpio.o
LOAD Drivers/STM32F4xx_HAL_Driver/Src/stm32f4xx_hal_i2c.o
LOAD Drivers/STM32F4xx_HAL_Driver/Src/stm32f4xx_hal_i2c_ex.o
LOAD Drivers/STM32F4xx_HAL_Driver/Src/stm32f4xx_hal_pwr.o
LOAD Drivers/STM32F4xx_HAL_Driver/Src/stm32f4xx_hal_pwr_ex.o
LOAD Drivers/STM32F4xx_HAL_Driver/Src/stm32f4xx_hal_rcc.o
LOAD Drivers/STM32F4xx_HAL_Driver/Src/stm32f4xx_hal_rcc_ex.o
LOAD Drivers/STM32F4xx_HAL_Driver/Src/stm32f4xx_hal_tim.o
LOAD Drivers/STM32F4xx_HAL_Driver/Src/stm32f4xx_hal_tim_ex.o
LOAD Drivers/STM32F4xx_HAL_Driver/Src/stm32f4xx_hal_uart.o
LOAD Drivers/STM32F4xx_HAL_Driver/Src/stm32f4xx_ll_adc.o
LOAD ThirdParty/FreeRTOS/croutine.o
LOAD ThirdParty/FreeRTOS/event_groups.o
LOAD ThirdParty/FreeRTOS/list.o
LOAD ThirdParty/FreeRTOS/queue.o
LOAD ThirdParty/FreeRTOS/stream_buffer.o
LOAD ThirdParty/FreeRTOS/tasks.o
LOAD ThirdParty/FreeRTOS/timers.o
LOAD ThirdParty/FreeRTOS/portable/GCC/ARM_CM4F/port.o
LOAD ThirdParty/FreeRTOS/portable/MemMang/heap_4.o
LOAD ThirdParty/SEGGER/Config/SEGGER_SYSVIEW_Config_FreeRTOS.o
LOAD ThirdParty/SEGGER/OS/SEGGER_SYSVIEW_FreeRTOS.o
LOAD ThirdParty/SEGGER/Rec/segger_uart.o
LOAD ThirdParty/SEGGER/SEGGER/SEGGER_RTT.o
LOAD ThirdParty/SEGGER/SEGGER/SEGGER_RTT_ASM_ARMv7M.o
LOAD ThirdParty/SEGGER/SEGGER/SEGGER_RTT_printf.o
LOAD ThirdParty/SEGGER/SEGGER/SEGGER_SYSVIEW.o
LOAD ThirdParty/SEGGER/SEGGER/Syscalls/SEGGER_RTT_Syscalls_GCC.o
START GROUP
LOAD c:/st/stm32cubeide_1.4.0/stm32cubeide/plugins/com.st.stm32cube.ide.mcu.externaltools.gnu-tools-for-stm32.9-2020-q2-update.win32_1.5.0.202011040924/tools/bin/../lib/gcc/arm-none-eabi/9.3.1/../../../../arm-none-eabi/lib/thumb/v7e-m+fp/hard\libc_nano.a
LOAD c:/st/stm32cubeide_1.4.0/stm32cubeide/plugins/com.st.stm32cube.ide.mcu.externaltools.gnu-tools-for-stm32.9-2020-q2-update.win32_1.5.0.202011040924/tools/bin/../lib/gcc/arm-none-eabi/9.3.1/../../../../arm-none-eabi/lib/thumb/v7e-m+fp/hard\libm.a
END GROUP
START GROUP
LOAD c:/st/stm32cubeide_1.4.0/stm32cubeide/plugins/com.st.stm32cube.ide.mcu.externaltools.gnu-tools-for-stm32.9-2020-q2-update.win32_1.5.0.202011040924/tools/bin/../lib/gcc/arm-none-eabi/9.3.1/thumb/v7e-m+fp/hard\libgcc.a
LOAD c:/st/stm32cubeide_1.4.0/stm32cubeide/plugins/com.st.stm32cube.ide.mcu.externaltools.gnu-tools-for-stm32.9-2020-q2-update.win32_1.5.0.202011040924/tools/bin/../lib/gcc/arm-none-eabi/9.3.1/../../../../arm-none-eabi/lib/thumb/v7e-m+fp/hard\libc_nano.a
END GROUP
START GROUP
LOAD c:/st/stm32cubeide_1.4.0/stm32cubeide/plugins/com.st.stm32cube.ide.mcu.externaltools.gnu-tools-for-stm32.9-2020-q2-update.win32_1.5.0.202011040924/tools/bin/../lib/gcc/arm-none-eabi/9.3.1/thumb/v7e-m+fp/hard\libgcc.a
LOAD c:/st/stm32cubeide_1.4.0/stm32cubeide/plugins/com.st.stm32cube.ide.mcu.externaltools.gnu-tools-for-stm32.9-2020-q2-update.win32_1.5.0.202011040924/tools/bin/../lib/gcc/arm-none-eabi/9.3.1/../../../../arm-none-eabi/lib/thumb/v7e-m+fp/hard\libc_nano.a
LOAD c:/st/stm32cubeide_1.4.0/stm32cubeide/plugins/com.st.stm32cube.ide.mcu.externaltools.gnu-tools-for-stm32.9-2020-q2-update.win32_1.5.0.202011040924/tools/bin/../lib/gcc/arm-none-eabi/9.3.1/../../../../arm-none-eabi/lib/thumb/v7e-m+fp/hard\libnosys.a
END GROUP
START GROUP
LOAD c:/st/stm32cubeide_1.4.0/stm32cubeide/plugins/com.st.stm32cube.ide.mcu.externaltools.gnu-tools-for-stm32.9-2020-q2-update.win32_1.5.0.202011040924/tools/bin/../lib/gcc/arm-none-eabi/9.3.1/thumb/v7e-m+fp/hard\libgcc.a
LOAD c:/st/stm32cubeide_1.4.0/stm32cubeide/plugins/com.st.stm32cube.ide.mcu.externaltools.gnu-tools-for-stm32.9-2020-q2-update.win32_1.5.0.202011040924/tools/bin/../lib/gcc/arm-none-eabi/9.3.1/../../../../arm-none-eabi/lib/thumb/v7e-m+fp/hard\libc_nano.a
LOAD c:/st/stm32cubeide_1.4.0/stm32cubeide/plugins/com.st.stm32cube.ide.mcu.externaltools.gnu-tools-for-stm32.9-2020-q2-update.win32_1.5.0.202011040924/tools/bin/../lib/gcc/arm-none-eabi/9.3.1/../../../../arm-none-eabi/lib/thumb/v7e-m+fp/hard\libnosys.a
END GROUP
LOAD c:/st/stm32cubeide_1.4.0/stm32cubeide/plugins/com.st.stm32cube.ide.mcu.externaltools.gnu-tools-for-stm32.9-2020-q2-update.win32_1.5.0.202011040924/tools/bin/../lib/gcc/arm-none-eabi/9.3.1/thumb/v7e-m+fp/hard/crtend.o
LOAD c:/st/stm32cubeide_1.4.0/stm32cubeide/plugins/com.st.stm32cube.ide.mcu.externaltools.gnu-tools-for-stm32.9-2020-q2-update.win32_1.5.0.202011040924/tools/bin/../lib/gcc/arm-none-eabi/9.3.1/thumb/v7e-m+fp/hard/crtn.o
                0x0000000020020000                _estack = (ORIGIN (RAM) + LENGTH (RAM))
                0x0000000000000200                _Min_Heap_Size = 0x200
                0x0000000000000400                _Min_Stack_Size = 0x400

.isr_vector     0x0000000008000000      0x1c4
                0x0000000008000000                . = ALIGN (0x4)
 *(.isr_vector)
 .isr_vector    0x0000000008000000      0x1c4 Core/Startup/startup_stm32f446zetx.o
                0x0000000008000000                g_pfnVectors
                0x00000000080001c4                . = ALIGN (0x4)

.text           0x00000000080001d0    0x127bc
                0x00000000080001d0                . = ALIGN (0x4)
 *(.text)
 .text          0x00000000080001d0       0x40 c:/st/stm32cubeide_1.4.0/stm32cubeide/plugins/com.st.stm32cube.ide.mcu.externaltools.gnu-tools-for-stm32.9-2020-q2-update.win32_1.5.0.202011040924/tools/bin/../lib/gcc/arm-none-eabi/9.3.1/thumb/v7e-m+fp/hard/crtbegin.o
 .text          0x0000000008000210       0x94 ThirdParty/SEGGER/SEGGER/SEGGER_RTT_ASM_ARMv7M.o
                0x0000000008000210                SEGGER_RTT_ASM_WriteSkipNoLock
 .text          0x00000000080002a4       0x14 c:/st/stm32cubeide_1.4.0/stm32cubeide/plugins/com.st.stm32cube.ide.mcu.externaltools.gnu-tools-for-stm32.9-2020-q2-update.win32_1.5.0.202011040924/tools/bin/../lib/gcc/arm-none-eabi/9.3.1/../../../../arm-none-eabi/lib/thumb/v7e-m+fp/hard\libc_nano.a(lib_a-strcmp.o)
                0x00000000080002a4                strcmp
 .text          0x00000000080002b8       0x10 c:/st/stm32cubeide_1.4.0/stm32cubeide/plugins/com.st.stm32cube.ide.mcu.externaltools.gnu-tools-for-stm32.9-2020-q2-update.win32_1.5.0.202011040924/tools/bin/../lib/gcc/arm-none-eabi/9.3.1/../../../../arm-none-eabi/lib/thumb/v7e-m+fp/hard\libc_nano.a(lib_a-strlen.o)
                0x00000000080002b8                strlen
 *fill*         0x00000000080002c8        0x8 
 .text          0x00000000080002d0       0xa0 c:/st/stm32cubeide_1.4.0/stm32cubeide/plugins/com.st.stm32cube.ide.mcu.externaltools.gnu-tools-for-stm32.9-2020-q2-update.win32_1.5.0.202011040924/tools/bin/../lib/gcc/arm-none-eabi/9.3.1/../../../../arm-none-eabi/lib/thumb/v7e-m+fp/hard\libc_nano.a(lib_a-memchr.o)
                0x00000000080002d0                memchr
 .text          0x0000000008000370      0x378 c:/st/stm32cubeide_1.4.0/stm32cubeide/plugins/com.st.stm32cube.ide.mcu.externaltools.gnu-tools-for-stm32.9-2020-q2-update.win32_1.5.0.202011040924/tools/bin/../lib/gcc/arm-none-eabi/9.3.1/thumb/v7e-m+fp/hard\libgcc.a(_arm_addsubdf3.o)
                0x0000000008000370                __aeabi_drsub
                0x0000000008000378                __aeabi_dsub
                0x0000000008000378                __subdf3
                0x000000000800037c                __aeabi_dadd
                0x000000000800037c                __adddf3
                0x00000000080005f4                __floatunsidf
                0x00000000080005f4                __aeabi_ui2d
                0x0000000008000614                __floatsidf
                0x0000000008000614                __aeabi_i2d
                0x0000000008000638                __aeabi_f2d
                0x0000000008000638                __extendsfdf2
                0x000000000800067c                __floatundidf
                0x000000000800067c                __aeabi_ul2d
                0x000000000800068c                __floatdidf
                0x000000000800068c                __aeabi_l2d
 .text          0x00000000080006e8      0x424 c:/st/stm32cubeide_1.4.0/stm32cubeide/plugins/com.st.stm32cube.ide.mcu.externaltools.gnu-tools-for-stm32.9-2020-q2-update.win32_1.5.0.202011040924/tools/bin/../lib/gcc/arm-none-eabi/9.3.1/thumb/v7e-m+fp/hard\libgcc.a(_arm_muldivdf3.o)
                0x00000000080006e8                __aeabi_dmul
                0x00000000080006e8                __muldf3
                0x000000000800093c                __divdf3
                0x000000000800093c                __aeabi_ddiv
 .text          0x0000000008000b0c      0x110 c:/st/stm32cubeide_1.4.0/stm32cubeide/plugins/com.st.stm32cube.ide.mcu.externaltools.gnu-tools-for-stm32.9-2020-q2-update.win32_1.5.0.202011040924/tools/bin/../lib/gcc/arm-none-eabi/9.3.1/thumb/v7e-m+fp/hard\libgcc.a(_arm_cmpdf2.o)
                0x0000000008000b0c                __gtdf2
                0x0000000008000b0c                __gedf2
                0x0000000008000b14                __ltdf2
                0x0000000008000b14                __ledf2
                0x0000000008000b1c                __nedf2
                0x0000000008000b1c                __eqdf2
                0x0000000008000b1c                __cmpdf2
                0x0000000008000b98                __aeabi_cdrcmple
                0x0000000008000ba8                __aeabi_cdcmpeq
                0x0000000008000ba8                __aeabi_cdcmple
                0x0000000008000bb8                __aeabi_dcmpeq
                0x0000000008000bcc                __aeabi_dcmplt
                0x0000000008000be0                __aeabi_dcmple
                0x0000000008000bf4                __aeabi_dcmpge
                0x0000000008000c08                __aeabi_dcmpgt
 .text          0x0000000008000c1c       0x2c c:/st/stm32cubeide_1.4.0/stm32cubeide/plugins/com.st.stm32cube.ide.mcu.externaltools.gnu-tools-for-stm32.9-2020-q2-update.win32_1.5.0.202011040924/tools/bin/../lib/gcc/arm-none-eabi/9.3.1/thumb/v7e-m+fp/hard\libgcc.a(_arm_unorddf2.o)
                0x0000000008000c1c                __unorddf2
                0x0000000008000c1c                __aeabi_dcmpun
 .text          0x0000000008000c48       0x50 c:/st/stm32cubeide_1.4.0/stm32cubeide/plugins/com.st.stm32cube.ide.mcu.externaltools.gnu-tools-for-stm32.9-2020-q2-update.win32_1.5.0.202011040924/tools/bin/../lib/gcc/arm-none-eabi/9.3.1/thumb/v7e-m+fp/hard\libgcc.a(_arm_fixdfsi.o)
                0x0000000008000c48                __aeabi_d2iz
                0x0000000008000c48                __fixdfsi
 .text          0x0000000008000c98       0xa0 c:/st/stm32cubeide_1.4.0/stm32cubeide/plugins/com.st.stm32cube.ide.mcu.externaltools.gnu-tools-for-stm32.9-2020-q2-update.win32_1.5.0.202011040924/tools/bin/../lib/gcc/arm-none-eabi/9.3.1/thumb/v7e-m+fp/hard\libgcc.a(_arm_truncdfsf2.o)
                0x0000000008000c98                __truncdfsf2
                0x0000000008000c98                __aeabi_d2f
 .text          0x0000000008000d38       0x30 c:/st/stm32cubeide_1.4.0/stm32cubeide/plugins/com.st.stm32cube.ide.mcu.externaltools.gnu-tools-for-stm32.9-2020-q2-update.win32_1.5.0.202011040924/tools/bin/../lib/gcc/arm-none-eabi/9.3.1/thumb/v7e-m+fp/hard\libgcc.a(_aeabi_uldivmod.o)
                0x0000000008000d38                __aeabi_uldivmod
 .text          0x0000000008000d68      0x2c4 c:/st/stm32cubeide_1.4.0/stm32cubeide/plugins/com.st.stm32cube.ide.mcu.externaltools.gnu-tools-for-stm32.9-2020-q2-update.win32_1.5.0.202011040924/tools/bin/../lib/gcc/arm-none-eabi/9.3.1/thumb/v7e-m+fp/hard\libgcc.a(_udivmoddi4.o)
                0x0000000008000d68                __udivmoddi4
 .text          0x000000000800102c        0x4 c:/st/stm32cubeide_1.4.0/stm32cubeide/plugins/com.st.stm32cube.ide.mcu.externaltools.gnu-tools-for-stm32.9-2020-q2-update.win32_1.5.0.202011040924/tools/bin/../lib/gcc/arm-none-eabi/9.3.1/thumb/v7e-m+fp/hard\libgcc.a(_dvmd_tls.o)
                0x000000000800102c                __aeabi_idiv0
                0x000000000800102c                __aeabi_ldiv0
 *(.text*)
 .text.vprint_LCD
                0x0000000008001030       0x88 Core/Src/Task_handles.o
                0x0000000008001030                vprint_LCD
 .text.vuart_deco
                0x00000000080010b8       0x20 Core/Src/Task_handles.o
                0x00000000080010b8                vuart_deco
 .text.vuart_out
                0x00000000080010d8       0x40 Core/Src/Task_handles.o
                0x00000000080010d8                vuart_out
 .text.vall_menus_handler
                0x0000000008001118      0x5a8 Core/Src/Task_handles.o
                0x0000000008001118                vall_menus_handler
 .text.send_to_lcd
                0x00000000080016c0       0xc8 Core/Src/Task_handles.o
                0x00000000080016c0                send_to_lcd
 .text.process_command
                0x0000000008001788       0xa8 Core/Src/Task_handles.o
 .text.extract_command
                0x0000000008001830       0x74 Core/Src/Task_handles.o
 .text.Acel_Init
                0x00000000080018a4       0x6c Core/Src/Task_handles.o
                0x00000000080018a4                Acel_Init
 .text.Gyro_Init
                0x0000000008001910       0x94 Core/Src/Task_handles.o
                0x0000000008001910                Gyro_Init
 .text.Mag_Init
                0x00000000080019a4       0x54 Core/Src/Task_handles.o
                0x00000000080019a4                Mag_Init
 .text.Acel_read_data
                0x00000000080019f8       0xdc Core/Src/Task_handles.o
                0x00000000080019f8                Acel_read_data
 .text.Gyro_read_data
                0x0000000008001ad4      0x114 Core/Src/Task_handles.o
                0x0000000008001ad4                Gyro_read_data
 .text.Mag_read_data
                0x0000000008001be8       0xdc Core/Src/Task_handles.o
                0x0000000008001be8                Mag_read_data
 *fill*         0x0000000008001cc4        0x4 
 .text.conv_adc_volt
                0x0000000008001cc8       0x74 Core/Src/Task_handles.o
                0x0000000008001cc8                conv_adc_volt
 *fill*         0x0000000008001d3c        0x4 
 .text.conv_pwm_ext_volt
                0x0000000008001d40       0x68 Core/Src/Task_handles.o
                0x0000000008001d40                conv_pwm_ext_volt
 .text.data_to_main_plus
                0x0000000008001da8       0x44 Core/Src/Task_handles.o
 .text.desactivar_botones
                0x0000000008001dec       0x20 Core/Src/Task_handles.o
 .text.activar_botones
                0x0000000008001e0c       0x58 Core/Src/Task_handles.o
 .text.cambio_giro_motor
                0x0000000008001e64       0x7c Core/Src/Task_handles.o
                0x0000000008001e64                cambio_giro_motor
 .text.read_send_datos
                0x0000000008001ee0       0x84 Core/Src/Task_handles.o
                0x0000000008001ee0                read_send_datos
 .text.read_sensors
                0x0000000008001f64       0x88 Core/Src/Task_handles.o
                0x0000000008001f64                read_sensors
 .text.send_data_uart
                0x0000000008001fec      0x240 Core/Src/Task_handles.o
                0x0000000008001fec                send_data_uart
 .text.active_pwm_pot
                0x000000000800222c       0x40 Core/Src/Task_handles.o
                0x000000000800222c                active_pwm_pot
 .text.conf_pwm_ext
                0x000000000800226c      0x11c Core/Src/Task_handles.o
                0x000000000800226c                conf_pwm_ext
 .text.send_data_inv
                0x0000000008002388       0x34 Core/Src/Task_handles.o
                0x0000000008002388                send_data_inv
 .text.change_display_state
                0x00000000080023bc       0x50 Core/Src/Task_handles.o
                0x00000000080023bc                change_display_state
 .text.lcd_send_command
                0x000000000800240c       0x44 Core/Src/lcd.o
                0x000000000800240c                lcd_send_command
 .text.lcd_send_char
                0x0000000008002450       0x44 Core/Src/lcd.o
                0x0000000008002450                lcd_send_char
 .text.lcd_init
                0x0000000008002494       0xc8 Core/Src/lcd.o
                0x0000000008002494                lcd_init
 .text.lcd_display_clear
                0x000000000800255c       0x14 Core/Src/lcd.o
                0x000000000800255c                lcd_display_clear
 .text.lcd_print_string
                0x0000000008002570       0x28 Core/Src/lcd.o
                0x0000000008002570                lcd_print_string
 .text.lcd_set_cursor
                0x0000000008002598       0x4e Core/Src/lcd.o
                0x0000000008002598                lcd_set_cursor
 *fill*         0x00000000080025e6        0x2 
 .text.write_4_bits
                0x00000000080025e8       0x70 Core/Src/lcd.o
 .text.lcd_enable
                0x0000000008002658       0x2c Core/Src/lcd.o
 .text.delay_us
                0x0000000008002684       0x34 Core/Src/lcd.o
 .text.main     0x00000000080026b8       0x8c Core/Src/main.o
                0x00000000080026b8                main
 .text.SystemClock_Config
                0x0000000008002744       0xd8 Core/Src/main.o
                0x0000000008002744                SystemClock_Config
 .text.MX_ADC1_Init
                0x000000000800281c       0xa4 Core/Src/main.o
 .text.MX_I2C1_Init
                0x00000000080028c0       0x5c Core/Src/main.o
 .text.MX_TIM4_Init
                0x000000000800291c       0xf0 Core/Src/main.o
 .text.MX_USART2_UART_Init
                0x0000000008002a0c       0x54 Core/Src/main.o
 .text.MX_GPIO_Init
                0x0000000008002a60      0x244 Core/Src/main.o
 .text.Init_tasks
                0x0000000008002ca4      0x110 Core/Src/main.o
                0x0000000008002ca4                Init_tasks
 .text.Init_semaphores
                0x0000000008002db4       0xb4 Core/Src/main.o
                0x0000000008002db4                Init_semaphores
 .text.Init_queues
                0x0000000008002e68       0xa4 Core/Src/main.o
                0x0000000008002e68                Init_queues
 .text.Init_timers
                0x0000000008002f0c       0x70 Core/Src/main.o
                0x0000000008002f0c                Init_timers
 .text.HAL_UART_RxCpltCallback
                0x0000000008002f7c       0xcc Core/Src/main.o
                0x0000000008002f7c                HAL_UART_RxCpltCallback
 .text.HAL_GPIO_EXTI_Callback
                0x0000000008003048      0x264 Core/Src/main.o
                0x0000000008003048                HAL_GPIO_EXTI_Callback
 .text.HAL_I2C_MasterTxCpltCallback
                0x00000000080032ac       0x14 Core/Src/main.o
                0x00000000080032ac                HAL_I2C_MasterTxCpltCallback
 .text.HAL_I2C_MasterRxCpltCallback
                0x00000000080032c0       0x54 Core/Src/main.o
                0x00000000080032c0                HAL_I2C_MasterRxCpltCallback
 .text.HAL_I2C_ErrorCallback
                0x0000000008003314       0x14 Core/Src/main.o
                0x0000000008003314                HAL_I2C_ErrorCallback
 .text.AGM_ADC_timer_callback
                0x0000000008003328      0x48c Core/Src/main.o
                0x0000000008003328                AGM_ADC_timer_callback
 .text.Buttons_timer_callback
                0x00000000080037b4       0x98 Core/Src/main.o
                0x00000000080037b4                Buttons_timer_callback
 .text.HAL_ADC_ConvCpltCallback
                0x000000000800384c       0x90 Core/Src/main.o
                0x000000000800384c                HAL_ADC_ConvCpltCallback
 .text.HAL_ADC_ErrorCallback
                0x00000000080038dc        0xa Core/Src/main.o
                0x00000000080038dc                HAL_ADC_ErrorCallback
 *fill*         0x00000000080038e6        0x2 
 .text.HAL_TIM_PeriodElapsedCallback
                0x00000000080038e8       0x24 Core/Src/main.o
                0x00000000080038e8                HAL_TIM_PeriodElapsedCallback
 .text.Error_Handler
                0x000000000800390c        0xa Core/Src/main.o
                0x000000000800390c                Error_Handler
 *fill*         0x0000000008003916        0x2 
 .text.HAL_MspInit
                0x0000000008003918       0x50 Core/Src/stm32f4xx_hal_msp.o
                0x0000000008003918                HAL_MspInit
 .text.HAL_ADC_MspInit
                0x0000000008003968       0x98 Core/Src/stm32f4xx_hal_msp.o
                0x0000000008003968                HAL_ADC_MspInit
 .text.HAL_I2C_MspInit
                0x0000000008003a00       0xb0 Core/Src/stm32f4xx_hal_msp.o
                0x0000000008003a00                HAL_I2C_MspInit
 .text.HAL_TIM_Base_MspInit
                0x0000000008003ab0       0x44 Core/Src/stm32f4xx_hal_msp.o
                0x0000000008003ab0                HAL_TIM_Base_MspInit
 .text.HAL_TIM_MspPostInit
                0x0000000008003af4       0x74 Core/Src/stm32f4xx_hal_msp.o
                0x0000000008003af4                HAL_TIM_MspPostInit
 .text.HAL_UART_MspInit
                0x0000000008003b68       0xa0 Core/Src/stm32f4xx_hal_msp.o
                0x0000000008003b68                HAL_UART_MspInit
 .text.HAL_InitTick
                0x0000000008003c08       0xb4 Core/Src/stm32f4xx_hal_timebase_tim.o
                0x0000000008003c08                HAL_InitTick
 .text.NMI_Handler
                0x0000000008003cbc        0x6 Core/Src/stm32f4xx_it.o
                0x0000000008003cbc                NMI_Handler
 .text.HardFault_Handler
                0x0000000008003cc2        0x6 Core/Src/stm32f4xx_it.o
                0x0000000008003cc2                HardFault_Handler
 .text.MemManage_Handler
                0x0000000008003cc8        0x6 Core/Src/stm32f4xx_it.o
                0x0000000008003cc8                MemManage_Handler
 .text.BusFault_Handler
                0x0000000008003cce        0x6 Core/Src/stm32f4xx_it.o
                0x0000000008003cce                BusFault_Handler
 .text.UsageFault_Handler
                0x0000000008003cd4        0x6 Core/Src/stm32f4xx_it.o
                0x0000000008003cd4                UsageFault_Handler
 .text.DebugMon_Handler
                0x0000000008003cda        0xe Core/Src/stm32f4xx_it.o
                0x0000000008003cda                DebugMon_Handler
 .text.EXTI0_IRQHandler
                0x0000000008003ce8        0xe Core/Src/stm32f4xx_it.o
                0x0000000008003ce8                EXTI0_IRQHandler
 .text.EXTI4_IRQHandler
                0x0000000008003cf6        0xe Core/Src/stm32f4xx_it.o
                0x0000000008003cf6                EXTI4_IRQHandler
 .text.ADC_IRQHandler
                0x0000000008003d04       0x14 Core/Src/stm32f4xx_it.o
                0x0000000008003d04                ADC_IRQHandler
 .text.EXTI9_5_IRQHandler
                0x0000000008003d18        0xe Core/Src/stm32f4xx_it.o
                0x0000000008003d18                EXTI9_5_IRQHandler
 *fill*         0x0000000008003d26        0x2 
 .text.I2C1_EV_IRQHandler
                0x0000000008003d28       0x14 Core/Src/stm32f4xx_it.o
                0x0000000008003d28                I2C1_EV_IRQHandler
 .text.I2C1_ER_IRQHandler
                0x0000000008003d3c       0x14 Core/Src/stm32f4xx_it.o
                0x0000000008003d3c                I2C1_ER_IRQHandler
 .text.USART2_IRQHandler
                0x0000000008003d50       0x14 Core/Src/stm32f4xx_it.o
                0x0000000008003d50                USART2_IRQHandler
 .text.EXTI15_10_IRQHandler
                0x0000000008003d64       0x10 Core/Src/stm32f4xx_it.o
                0x0000000008003d64                EXTI15_10_IRQHandler
 .text.TIM6_DAC_IRQHandler
                0x0000000008003d74       0x14 Core/Src/stm32f4xx_it.o
                0x0000000008003d74                TIM6_DAC_IRQHandler
 .text._getpid  0x0000000008003d88       0x10 Core/Src/syscalls.o
                0x0000000008003d88                _getpid
 .text._kill    0x0000000008003d98       0x20 Core/Src/syscalls.o
                0x0000000008003d98                _kill
 .text._exit    0x0000000008003db8       0x14 Core/Src/syscalls.o
                0x0000000008003db8                _exit
 .text._read    0x0000000008003dcc       0x3a Core/Src/syscalls.o
                0x0000000008003dcc                _read
 .text._close   0x0000000008003e06       0x18 Core/Src/syscalls.o
                0x0000000008003e06                _close
 .text._fstat   0x0000000008003e1e       0x20 Core/Src/syscalls.o
                0x0000000008003e1e                _fstat
 .text._isatty  0x0000000008003e3e       0x16 Core/Src/syscalls.o
                0x0000000008003e3e                _isatty
 .text._lseek   0x0000000008003e54       0x1a Core/Src/syscalls.o
                0x0000000008003e54                _lseek
 *fill*         0x0000000008003e6e        0x2 
 .text._sbrk    0x0000000008003e70       0x6c Core/Src/sysmem.o
                0x0000000008003e70                _sbrk
 .text.SystemInit
                0x0000000008003edc       0x24 Core/Src/system_stm32f4xx.o
                0x0000000008003edc                SystemInit
 .text.Reset_Handler
                0x0000000008003f00       0x50 Core/Startup/startup_stm32f446zetx.o
                0x0000000008003f00                Reset_Handler
 .text.Default_Handler
                0x0000000008003f50        0x2 Core/Startup/startup_stm32f446zetx.o
                0x0000000008003f50                RTC_Alarm_IRQHandler
                0x0000000008003f50                EXTI2_IRQHandler
                0x0000000008003f50                TIM8_CC_IRQHandler
                0x0000000008003f50                FMPI2C1_EV_IRQHandler
                0x0000000008003f50                SPI4_IRQHandler
                0x0000000008003f50                TIM1_CC_IRQHandler
                0x0000000008003f50                DMA2_Stream5_IRQHandler
                0x0000000008003f50                DMA1_Stream5_IRQHandler
                0x0000000008003f50                PVD_IRQHandler
                0x0000000008003f50                SDIO_IRQHandler
                0x0000000008003f50                TAMP_STAMP_IRQHandler
                0x0000000008003f50                CAN2_RX1_IRQHandler
                0x0000000008003f50                EXTI3_IRQHandler
                0x0000000008003f50                TIM8_TRG_COM_TIM14_IRQHandler
                0x0000000008003f50                TIM1_UP_TIM10_IRQHandler
                0x0000000008003f50                TIM8_UP_TIM13_IRQHandler
                0x0000000008003f50                I2C3_ER_IRQHandler
                0x0000000008003f50                I2C2_EV_IRQHandler
                0x0000000008003f50                DMA1_Stream2_IRQHandler
                0x0000000008003f50                CAN1_RX0_IRQHandler
                0x0000000008003f50                FPU_IRQHandler
                0x0000000008003f50                OTG_HS_WKUP_IRQHandler
                0x0000000008003f50                CAN2_SCE_IRQHandler
                0x0000000008003f50                DMA2_Stream2_IRQHandler
                0x0000000008003f50                SPI1_IRQHandler
                0x0000000008003f50                TIM1_BRK_TIM9_IRQHandler
                0x0000000008003f50                DCMI_IRQHandler
                0x0000000008003f50                CAN2_RX0_IRQHandler
                0x0000000008003f50                DMA2_Stream3_IRQHandler
                0x0000000008003f50                SAI2_IRQHandler
                0x0000000008003f50                USART6_IRQHandler
                0x0000000008003f50                CAN1_RX1_IRQHandler
                0x0000000008003f50                UART5_IRQHandler
                0x0000000008003f50                DMA2_Stream0_IRQHandler
                0x0000000008003f50                TIM4_IRQHandler
                0x0000000008003f50                QUADSPI_IRQHandler
                0x0000000008003f50                DMA1_Stream6_IRQHandler
                0x0000000008003f50                DMA1_Stream1_IRQHandler
                0x0000000008003f50                UART4_IRQHandler
                0x0000000008003f50                TIM3_IRQHandler
                0x0000000008003f50                RCC_IRQHandler
                0x0000000008003f50                TIM8_BRK_TIM12_IRQHandler
                0x0000000008003f50                Default_Handler
                0x0000000008003f50                CEC_IRQHandler
                0x0000000008003f50                DMA1_Stream7_IRQHandler
                0x0000000008003f50                TIM7_IRQHandler
                0x0000000008003f50                CAN2_TX_IRQHandler
                0x0000000008003f50                TIM5_IRQHandler
                0x0000000008003f50                DMA2_Stream7_IRQHandler
                0x0000000008003f50                I2C3_EV_IRQHandler
                0x0000000008003f50                RTC_WKUP_IRQHandler
                0x0000000008003f50                SPDIF_RX_IRQHandler
                0x0000000008003f50                SPI2_IRQHandler
                0x0000000008003f50                OTG_HS_EP1_IN_IRQHandler
                0x0000000008003f50                DMA1_Stream0_IRQHandler
                0x0000000008003f50                CAN1_TX_IRQHandler
                0x0000000008003f50                FMPI2C1_ER_IRQHandler
                0x0000000008003f50                OTG_HS_EP1_OUT_IRQHandler
                0x0000000008003f50                WWDG_IRQHandler
                0x0000000008003f50                TIM2_IRQHandler
                0x0000000008003f50                OTG_FS_WKUP_IRQHandler
                0x0000000008003f50                TIM1_TRG_COM_TIM11_IRQHandler
                0x0000000008003f50                OTG_HS_IRQHandler
                0x0000000008003f50                EXTI1_IRQHandler
                0x0000000008003f50                I2C2_ER_IRQHandler
                0x0000000008003f50                DMA2_Stream1_IRQHandler
                0x0000000008003f50                CAN1_SCE_IRQHandler
                0x0000000008003f50                FLASH_IRQHandler
                0x0000000008003f50                DMA2_Stream4_IRQHandler
                0x0000000008003f50                USART1_IRQHandler
                0x0000000008003f50                OTG_FS_IRQHandler
                0x0000000008003f50                SPI3_IRQHandler
                0x0000000008003f50                DMA1_Stream4_IRQHandler
                0x0000000008003f50                FMC_IRQHandler
                0x0000000008003f50                DMA2_Stream6_IRQHandler
                0x0000000008003f50                SAI1_IRQHandler
                0x0000000008003f50                DMA1_Stream3_IRQHandler
 *fill*         0x0000000008003f52        0x2 
 .text.HAL_Init
                0x0000000008003f54       0x44 Drivers/STM32F4xx_HAL_Driver/Src/stm32f4xx_hal.o
                0x0000000008003f54                HAL_Init
 .text.HAL_IncTick
                0x0000000008003f98       0x28 Drivers/STM32F4xx_HAL_Driver/Src/stm32f4xx_hal.o
                0x0000000008003f98                HAL_IncTick
 .text.HAL_GetTick
                0x0000000008003fc0       0x18 Drivers/STM32F4xx_HAL_Driver/Src/stm32f4xx_hal.o
                0x0000000008003fc0                HAL_GetTick
 .text.HAL_Delay
                0x0000000008003fd8       0x48 Drivers/STM32F4xx_HAL_Driver/Src/stm32f4xx_hal.o
                0x0000000008003fd8                HAL_Delay
 .text.HAL_ADC_Init
                0x0000000008004020       0x86 Drivers/STM32F4xx_HAL_Driver/Src/stm32f4xx_hal_adc.o
                0x0000000008004020                HAL_ADC_Init
 *fill*         0x00000000080040a6        0x2 
 .text.HAL_ADC_Start_IT
                0x00000000080040a8      0x1bc Drivers/STM32F4xx_HAL_Driver/Src/stm32f4xx_hal_adc.o
                0x00000000080040a8                HAL_ADC_Start_IT
 .text.HAL_ADC_IRQHandler
                0x0000000008004264      0x282 Drivers/STM32F4xx_HAL_Driver/Src/stm32f4xx_hal_adc.o
                0x0000000008004264                HAL_ADC_IRQHandler
 .text.HAL_ADC_GetValue
                0x00000000080044e6       0x1a Drivers/STM32F4xx_HAL_Driver/Src/stm32f4xx_hal_adc.o
                0x00000000080044e6                HAL_ADC_GetValue
 .text.HAL_ADC_LevelOutOfWindowCallback
                0x0000000008004500       0x14 Drivers/STM32F4xx_HAL_Driver/Src/stm32f4xx_hal_adc.o
                0x0000000008004500                HAL_ADC_LevelOutOfWindowCallback
 .text.HAL_ADC_ConfigChannel
                0x0000000008004514      0x264 Drivers/STM32F4xx_HAL_Driver/Src/stm32f4xx_hal_adc.o
                0x0000000008004514                HAL_ADC_ConfigChannel
 .text.ADC_Init
                0x0000000008004778      0x1f8 Drivers/STM32F4xx_HAL_Driver/Src/stm32f4xx_hal_adc.o
 .text.HAL_ADCEx_InjectedConvCpltCallback
                0x0000000008004970       0x14 Drivers/STM32F4xx_HAL_Driver/Src/stm32f4xx_hal_adc_ex.o
                0x0000000008004970                HAL_ADCEx_InjectedConvCpltCallback
 .text.__NVIC_SetPriorityGrouping
                0x0000000008004984       0x48 Drivers/STM32F4xx_HAL_Driver/Src/stm32f4xx_hal_cortex.o
 .text.__NVIC_GetPriorityGrouping
                0x00000000080049cc       0x1c Drivers/STM32F4xx_HAL_Driver/Src/stm32f4xx_hal_cortex.o
 .text.__NVIC_EnableIRQ
                0x00000000080049e8       0x3c Drivers/STM32F4xx_HAL_Driver/Src/stm32f4xx_hal_cortex.o
 .text.__NVIC_DisableIRQ
                0x0000000008004a24       0x48 Drivers/STM32F4xx_HAL_Driver/Src/stm32f4xx_hal_cortex.o
 .text.__NVIC_ClearPendingIRQ
                0x0000000008004a6c       0x3c Drivers/STM32F4xx_HAL_Driver/Src/stm32f4xx_hal_cortex.o
 .text.__NVIC_SetPriority
                0x0000000008004aa8       0x54 Drivers/STM32F4xx_HAL_Driver/Src/stm32f4xx_hal_cortex.o
 .text.NVIC_EncodePriority
                0x0000000008004afc       0x66 Drivers/STM32F4xx_HAL_Driver/Src/stm32f4xx_hal_cortex.o
 .text.HAL_NVIC_SetPriorityGrouping
                0x0000000008004b62       0x16 Drivers/STM32F4xx_HAL_Driver/Src/stm32f4xx_hal_cortex.o
                0x0000000008004b62                HAL_NVIC_SetPriorityGrouping
 .text.HAL_NVIC_SetPriority
                0x0000000008004b78       0x38 Drivers/STM32F4xx_HAL_Driver/Src/stm32f4xx_hal_cortex.o
                0x0000000008004b78                HAL_NVIC_SetPriority
 .text.HAL_NVIC_EnableIRQ
                0x0000000008004bb0       0x1c Drivers/STM32F4xx_HAL_Driver/Src/stm32f4xx_hal_cortex.o
                0x0000000008004bb0                HAL_NVIC_EnableIRQ
 .text.HAL_NVIC_DisableIRQ
                0x0000000008004bcc       0x1c Drivers/STM32F4xx_HAL_Driver/Src/stm32f4xx_hal_cortex.o
                0x0000000008004bcc                HAL_NVIC_DisableIRQ
 .text.HAL_NVIC_ClearPendingIRQ
                0x0000000008004be8       0x1c Drivers/STM32F4xx_HAL_Driver/Src/stm32f4xx_hal_cortex.o
                0x0000000008004be8                HAL_NVIC_ClearPendingIRQ
 .text.HAL_DMA_Abort
                0x0000000008004c04       0xe0 Drivers/STM32F4xx_HAL_Driver/Src/stm32f4xx_hal_dma.o
                0x0000000008004c04                HAL_DMA_Abort
 .text.HAL_DMA_Abort_IT
                0x0000000008004ce4       0x44 Drivers/STM32F4xx_HAL_Driver/Src/stm32f4xx_hal_dma.o
                0x0000000008004ce4                HAL_DMA_Abort_IT
 .text.HAL_DMA_GetState
                0x0000000008004d28       0x1c Drivers/STM32F4xx_HAL_Driver/Src/stm32f4xx_hal_dma.o
                0x0000000008004d28                HAL_DMA_GetState
 .text.HAL_GPIO_Init
                0x0000000008004d44      0x328 Drivers/STM32F4xx_HAL_Driver/Src/stm32f4xx_hal_gpio.o
                0x0000000008004d44                HAL_GPIO_Init
 .text.HAL_GPIO_WritePin
                0x000000000800506c       0x32 Drivers/STM32F4xx_HAL_Driver/Src/stm32f4xx_hal_gpio.o
                0x000000000800506c                HAL_GPIO_WritePin
 .text.HAL_GPIO_TogglePin
                0x000000000800509e       0x34 Drivers/STM32F4xx_HAL_Driver/Src/stm32f4xx_hal_gpio.o
                0x000000000800509e                HAL_GPIO_TogglePin
 *fill*         0x00000000080050d2        0x2 
 .text.HAL_GPIO_EXTI_IRQHandler
                0x00000000080050d4       0x30 Drivers/STM32F4xx_HAL_Driver/Src/stm32f4xx_hal_gpio.o
                0x00000000080050d4                HAL_GPIO_EXTI_IRQHandler
 .text.HAL_I2C_Init
                0x0000000008005104      0x288 Drivers/STM32F4xx_HAL_Driver/Src/stm32f4xx_hal_i2c.o
                0x0000000008005104                HAL_I2C_Init
 .text.HAL_I2C_Master_Seq_Transmit_IT
                0x000000000800538c      0x18c Drivers/STM32F4xx_HAL_Driver/Src/stm32f4xx_hal_i2c.o
                0x000000000800538c                HAL_I2C_Master_Seq_Transmit_IT
 .text.HAL_I2C_Master_Seq_Receive_IT
                0x0000000008005518      0x1fc Drivers/STM32F4xx_HAL_Driver/Src/stm32f4xx_hal_i2c.o
                0x0000000008005518                HAL_I2C_Master_Seq_Receive_IT
 .text.HAL_I2C_EV_IRQHandler
                0x0000000008005714      0x2da Drivers/STM32F4xx_HAL_Driver/Src/stm32f4xx_hal_i2c.o
                0x0000000008005714                HAL_I2C_EV_IRQHandler
 .text.HAL_I2C_ER_IRQHandler
                0x00000000080059ee      0x14e Drivers/STM32F4xx_HAL_Driver/Src/stm32f4xx_hal_i2c.o
                0x00000000080059ee                HAL_I2C_ER_IRQHandler
 .text.HAL_I2C_SlaveTxCpltCallback
                0x0000000008005b3c       0x14 Drivers/STM32F4xx_HAL_Driver/Src/stm32f4xx_hal_i2c.o
                0x0000000008005b3c                HAL_I2C_SlaveTxCpltCallback
 .text.HAL_I2C_SlaveRxCpltCallback
                0x0000000008005b50       0x14 Drivers/STM32F4xx_HAL_Driver/Src/stm32f4xx_hal_i2c.o
                0x0000000008005b50                HAL_I2C_SlaveRxCpltCallback
 .text.HAL_I2C_AddrCallback
                0x0000000008005b64       0x1c Drivers/STM32F4xx_HAL_Driver/Src/stm32f4xx_hal_i2c.o
                0x0000000008005b64                HAL_I2C_AddrCallback
 .text.HAL_I2C_ListenCpltCallback
                0x0000000008005b80       0x14 Drivers/STM32F4xx_HAL_Driver/Src/stm32f4xx_hal_i2c.o
                0x0000000008005b80                HAL_I2C_ListenCpltCallback
 .text.HAL_I2C_MemTxCpltCallback
                0x0000000008005b94       0x14 Drivers/STM32F4xx_HAL_Driver/Src/stm32f4xx_hal_i2c.o
                0x0000000008005b94                HAL_I2C_MemTxCpltCallback
 .text.HAL_I2C_MemRxCpltCallback
                0x0000000008005ba8       0x14 Drivers/STM32F4xx_HAL_Driver/Src/stm32f4xx_hal_i2c.o
                0x0000000008005ba8                HAL_I2C_MemRxCpltCallback
 .text.HAL_I2C_AbortCpltCallback
                0x0000000008005bbc       0x14 Drivers/STM32F4xx_HAL_Driver/Src/stm32f4xx_hal_i2c.o
                0x0000000008005bbc                HAL_I2C_AbortCpltCallback
 .text.I2C_MasterTransmit_TXE
                0x0000000008005bd0      0x138 Drivers/STM32F4xx_HAL_Driver/Src/stm32f4xx_hal_i2c.o
 .text.I2C_MasterTransmit_BTF
                0x0000000008005d08       0xd0 Drivers/STM32F4xx_HAL_Driver/Src/stm32f4xx_hal_i2c.o
 .text.I2C_MemoryTransmit_TXE_BTF
                0x0000000008005dd8      0x11e Drivers/STM32F4xx_HAL_Driver/Src/stm32f4xx_hal_i2c.o
 .text.I2C_MasterReceive_RXNE
                0x0000000008005ef6      0x162 Drivers/STM32F4xx_HAL_Driver/Src/stm32f4xx_hal_i2c.o
 .text.I2C_MasterReceive_BTF
                0x0000000008006058      0x1d4 Drivers/STM32F4xx_HAL_Driver/Src/stm32f4xx_hal_i2c.o
 .text.I2C_Master_SB
                0x000000000800622c      0x10c Drivers/STM32F4xx_HAL_Driver/Src/stm32f4xx_hal_i2c.o
 .text.I2C_Master_ADD10
                0x0000000008006338       0x54 Drivers/STM32F4xx_HAL_Driver/Src/stm32f4xx_hal_i2c.o
 .text.I2C_Master_ADDR
                0x000000000800638c      0x322 Drivers/STM32F4xx_HAL_Driver/Src/stm32f4xx_hal_i2c.o
 .text.I2C_SlaveTransmit_TXE
                0x00000000080066ae       0x7a Drivers/STM32F4xx_HAL_Driver/Src/stm32f4xx_hal_i2c.o
 .text.I2C_SlaveTransmit_BTF
                0x0000000008006728       0x42 Drivers/STM32F4xx_HAL_Driver/Src/stm32f4xx_hal_i2c.o
 .text.I2C_SlaveReceive_RXNE
                0x000000000800676a       0x7c Drivers/STM32F4xx_HAL_Driver/Src/stm32f4xx_hal_i2c.o
 .text.I2C_SlaveReceive_BTF
                0x00000000080067e6       0x44 Drivers/STM32F4xx_HAL_Driver/Src/stm32f4xx_hal_i2c.o
 .text.I2C_Slave_ADDR
                0x000000000800682a       0x88 Drivers/STM32F4xx_HAL_Driver/Src/stm32f4xx_hal_i2c.o
 *fill*         0x00000000080068b2        0x2 
 .text.I2C_Slave_STOPF
                0x00000000080068b4      0x260 Drivers/STM32F4xx_HAL_Driver/Src/stm32f4xx_hal_i2c.o
 .text.I2C_Slave_AF
                0x0000000008006b14       0xe0 Drivers/STM32F4xx_HAL_Driver/Src/stm32f4xx_hal_i2c.o
 .text.I2C_ITError
                0x0000000008006bf4      0x264 Drivers/STM32F4xx_HAL_Driver/Src/stm32f4xx_hal_i2c.o
 .text.I2C_DMAAbort
                0x0000000008006e58      0x150 Drivers/STM32F4xx_HAL_Driver/Src/stm32f4xx_hal_i2c.o
 .text.I2C_WaitOnSTOPRequestThroughIT
                0x0000000008006fa8       0x64 Drivers/STM32F4xx_HAL_Driver/Src/stm32f4xx_hal_i2c.o
 .text.I2C_ConvertOtherXferOptions
                0x000000000800700c       0x36 Drivers/STM32F4xx_HAL_Driver/Src/stm32f4xx_hal_i2c.o
 *fill*         0x0000000008007042        0x2 
 .text.HAL_RCC_ClockConfig
                0x0000000008007044      0x1cc Drivers/STM32F4xx_HAL_Driver/Src/stm32f4xx_hal_rcc.o
                0x0000000008007044                HAL_RCC_ClockConfig
 .text.HAL_RCC_GetHCLKFreq
                0x0000000008007210       0x18 Drivers/STM32F4xx_HAL_Driver/Src/stm32f4xx_hal_rcc.o
                0x0000000008007210                HAL_RCC_GetHCLKFreq
 .text.HAL_RCC_GetPCLK1Freq
                0x0000000008007228       0x28 Drivers/STM32F4xx_HAL_Driver/Src/stm32f4xx_hal_rcc.o
                0x0000000008007228                HAL_RCC_GetPCLK1Freq
 .text.HAL_RCC_GetPCLK2Freq
                0x0000000008007250       0x28 Drivers/STM32F4xx_HAL_Driver/Src/stm32f4xx_hal_rcc.o
                0x0000000008007250                HAL_RCC_GetPCLK2Freq
 .text.HAL_RCC_GetClockConfig
                0x0000000008007278       0x64 Drivers/STM32F4xx_HAL_Driver/Src/stm32f4xx_hal_rcc.o
                0x0000000008007278                HAL_RCC_GetClockConfig
 .text.HAL_RCC_GetSysClockFreq
                0x00000000080072dc      0x364 Drivers/STM32F4xx_HAL_Driver/Src/stm32f4xx_hal_rcc_ex.o
                0x00000000080072dc                HAL_RCC_GetSysClockFreq
 .text.HAL_RCC_OscConfig
                0x0000000008007640      0x53c Drivers/STM32F4xx_HAL_Driver/Src/stm32f4xx_hal_rcc_ex.o
                0x0000000008007640                HAL_RCC_OscConfig
 .text.HAL_TIM_Base_Init
                0x0000000008007b7c       0x9e Drivers/STM32F4xx_HAL_Driver/Src/stm32f4xx_hal_tim.o
                0x0000000008007b7c                HAL_TIM_Base_Init
 *fill*         0x0000000008007c1a        0x2 
 .text.HAL_TIM_Base_Start_IT
                0x0000000008007c1c       0xe0 Drivers/STM32F4xx_HAL_Driver/Src/stm32f4xx_hal_tim.o
                0x0000000008007c1c                HAL_TIM_Base_Start_IT
 .text.HAL_TIM_PWM_Init
                0x0000000008007cfc       0x9e Drivers/STM32F4xx_HAL_Driver/Src/stm32f4xx_hal_tim.o
                0x0000000008007cfc                HAL_TIM_PWM_Init
 .text.HAL_TIM_PWM_MspInit
                0x0000000008007d9a       0x14 Drivers/STM32F4xx_HAL_Driver/Src/stm32f4xx_hal_tim.o
                0x0000000008007d9a                HAL_TIM_PWM_MspInit
 *fill*         0x0000000008007dae        0x2 
 .text.HAL_TIM_PWM_Start
                0x0000000008007db0      0x190 Drivers/STM32F4xx_HAL_Driver/Src/stm32f4xx_hal_tim.o
                0x0000000008007db0                HAL_TIM_PWM_Start
 .text.HAL_TIM_PWM_Stop
                0x0000000008007f40       0xe0 Drivers/STM32F4xx_HAL_Driver/Src/stm32f4xx_hal_tim.o
                0x0000000008007f40                HAL_TIM_PWM_Stop
 .text.HAL_TIM_IRQHandler
                0x0000000008008020      0x210 Drivers/STM32F4xx_HAL_Driver/Src/stm32f4xx_hal_tim.o
                0x0000000008008020                HAL_TIM_IRQHandler
 .text.HAL_TIM_PWM_ConfigChannel
                0x0000000008008230      0x17c Drivers/STM32F4xx_HAL_Driver/Src/stm32f4xx_hal_tim.o
                0x0000000008008230                HAL_TIM_PWM_ConfigChannel
 .text.HAL_TIM_ConfigClockSource
                0x00000000080083ac      0x188 Drivers/STM32F4xx_HAL_Driver/Src/stm32f4xx_hal_tim.o
                0x00000000080083ac                HAL_TIM_ConfigClockSource
 .text.HAL_TIM_OC_DelayElapsedCallback
                0x0000000008008534       0x14 Drivers/STM32F4xx_HAL_Driver/Src/stm32f4xx_hal_tim.o
                0x0000000008008534                HAL_TIM_OC_DelayElapsedCallback
 .text.HAL_TIM_IC_CaptureCallback
                0x0000000008008548       0x14 Drivers/STM32F4xx_HAL_Driver/Src/stm32f4xx_hal_tim.o
                0x0000000008008548                HAL_TIM_IC_CaptureCallback
 .text.HAL_TIM_PWM_PulseFinishedCallback
                0x000000000800855c       0x14 Drivers/STM32F4xx_HAL_Driver/Src/stm32f4xx_hal_tim.o
                0x000000000800855c                HAL_TIM_PWM_PulseFinishedCallback
 .text.HAL_TIM_TriggerCallback
                0x0000000008008570       0x14 Drivers/STM32F4xx_HAL_Driver/Src/stm32f4xx_hal_tim.o
                0x0000000008008570                HAL_TIM_TriggerCallback
 .text.TIM_Base_SetConfig
                0x0000000008008584      0x140 Drivers/STM32F4xx_HAL_Driver/Src/stm32f4xx_hal_tim.o
                0x0000000008008584                TIM_Base_SetConfig
 .text.TIM_OC1_SetConfig
                0x00000000080086c4       0xe0 Drivers/STM32F4xx_HAL_Driver/Src/stm32f4xx_hal_tim.o
 .text.TIM_OC2_SetConfig
                0x00000000080087a4       0xec Drivers/STM32F4xx_HAL_Driver/Src/stm32f4xx_hal_tim.o
                0x00000000080087a4                TIM_OC2_SetConfig
 .text.TIM_OC3_SetConfig
                0x0000000008008890       0xe8 Drivers/STM32F4xx_HAL_Driver/Src/stm32f4xx_hal_tim.o
 .text.TIM_OC4_SetConfig
                0x0000000008008978       0xac Drivers/STM32F4xx_HAL_Driver/Src/stm32f4xx_hal_tim.o
 .text.TIM_TI1_ConfigInputStage
                0x0000000008008a24       0x5e Drivers/STM32F4xx_HAL_Driver/Src/stm32f4xx_hal_tim.o
 .text.TIM_TI2_ConfigInputStage
                0x0000000008008a82       0x60 Drivers/STM32F4xx_HAL_Driver/Src/stm32f4xx_hal_tim.o
 .text.TIM_ITRx_SetConfig
                0x0000000008008ae2       0x36 Drivers/STM32F4xx_HAL_Driver/Src/stm32f4xx_hal_tim.o
 .text.TIM_ETR_SetConfig
                0x0000000008008b18       0x40 Drivers/STM32F4xx_HAL_Driver/Src/stm32f4xx_hal_tim.o
                0x0000000008008b18                TIM_ETR_SetConfig
 .text.TIM_CCxChannelCmd
                0x0000000008008b58       0x4a Drivers/STM32F4xx_HAL_Driver/Src/stm32f4xx_hal_tim.o
                0x0000000008008b58                TIM_CCxChannelCmd
 *fill*         0x0000000008008ba2        0x2 
 .text.HAL_TIMEx_MasterConfigSynchronization
                0x0000000008008ba4       0xf8 Drivers/STM32F4xx_HAL_Driver/Src/stm32f4xx_hal_tim_ex.o
                0x0000000008008ba4                HAL_TIMEx_MasterConfigSynchronization
 .text.HAL_TIMEx_CommutCallback
                0x0000000008008c9c       0x14 Drivers/STM32F4xx_HAL_Driver/Src/stm32f4xx_hal_tim_ex.o
                0x0000000008008c9c                HAL_TIMEx_CommutCallback
 .text.HAL_TIMEx_BreakCallback
                0x0000000008008cb0       0x14 Drivers/STM32F4xx_HAL_Driver/Src/stm32f4xx_hal_tim_ex.o
                0x0000000008008cb0                HAL_TIMEx_BreakCallback
 .text.HAL_UART_Init
                0x0000000008008cc4       0x9a Drivers/STM32F4xx_HAL_Driver/Src/stm32f4xx_hal_uart.o
                0x0000000008008cc4                HAL_UART_Init
 .text.HAL_UART_Transmit
                0x0000000008008d5e      0x124 Drivers/STM32F4xx_HAL_Driver/Src/stm32f4xx_hal_uart.o
                0x0000000008008d5e                HAL_UART_Transmit
 .text.HAL_UART_Receive_IT
                0x0000000008008e82       0x60 Drivers/STM32F4xx_HAL_Driver/Src/stm32f4xx_hal_uart.o
                0x0000000008008e82                HAL_UART_Receive_IT
 *fill*         0x0000000008008ee2        0x2 
 .text.HAL_UART_IRQHandler
                0x0000000008008ee4      0x358 Drivers/STM32F4xx_HAL_Driver/Src/stm32f4xx_hal_uart.o
                0x0000000008008ee4                HAL_UART_IRQHandler
 .text.HAL_UART_TxCpltCallback
                0x000000000800923c       0x14 Drivers/STM32F4xx_HAL_Driver/Src/stm32f4xx_hal_uart.o
                0x000000000800923c                HAL_UART_TxCpltCallback
 .text.HAL_UART_ErrorCallback
                0x0000000008009250       0x14 Drivers/STM32F4xx_HAL_Driver/Src/stm32f4xx_hal_uart.o
                0x0000000008009250                HAL_UART_ErrorCallback
 .text.HAL_UARTEx_RxEventCallback
                0x0000000008009264       0x18 Drivers/STM32F4xx_HAL_Driver/Src/stm32f4xx_hal_uart.o
                0x0000000008009264                HAL_UARTEx_RxEventCallback
 .text.UART_WaitOnFlagUntilTimeout
                0x000000000800927c       0x94 Drivers/STM32F4xx_HAL_Driver/Src/stm32f4xx_hal_uart.o
 .text.UART_Start_Receive_IT
                0x0000000008009310       0x74 Drivers/STM32F4xx_HAL_Driver/Src/stm32f4xx_hal_uart.o
                0x0000000008009310                UART_Start_Receive_IT
 .text.UART_EndRxTransfer
                0x0000000008009384       0x5a Drivers/STM32F4xx_HAL_Driver/Src/stm32f4xx_hal_uart.o
 .text.UART_DMAAbortOnError
                0x00000000080093de       0x28 Drivers/STM32F4xx_HAL_Driver/Src/stm32f4xx_hal_uart.o
 .text.UART_Transmit_IT
                0x0000000008009406       0xa0 Drivers/STM32F4xx_HAL_Driver/Src/stm32f4xx_hal_uart.o
 .text.UART_EndTransmit_IT
                0x00000000080094a6       0x30 Drivers/STM32F4xx_HAL_Driver/Src/stm32f4xx_hal_uart.o
 .text.UART_Receive_IT
                0x00000000080094d6      0x12e Drivers/STM32F4xx_HAL_Driver/Src/stm32f4xx_hal_uart.o
 .text.UART_SetConfig
                0x0000000008009604      0x390 Drivers/STM32F4xx_HAL_Driver/Src/stm32f4xx_hal_uart.o
 .text.vListInitialise
                0x0000000008009994       0x40 ThirdParty/FreeRTOS/list.o
                0x0000000008009994                vListInitialise
 .text.vListInitialiseItem
                0x00000000080099d4       0x1a ThirdParty/FreeRTOS/list.o
                0x00000000080099d4                vListInitialiseItem
 .text.vListInsertEnd
                0x00000000080099ee       0x48 ThirdParty/FreeRTOS/list.o
                0x00000000080099ee                vListInsertEnd
 .text.vListInsert
                0x0000000008009a36       0x72 ThirdParty/FreeRTOS/list.o
                0x0000000008009a36                vListInsert
 .text.uxListRemove
                0x0000000008009aa8       0x54 ThirdParty/FreeRTOS/list.o
                0x0000000008009aa8                uxListRemove
 .text.xQueueGenericReset
                0x0000000008009afc       0xd0 ThirdParty/FreeRTOS/queue.o
                0x0000000008009afc                xQueueGenericReset
 .text.xQueueGenericCreate
                0x0000000008009bcc       0xbe ThirdParty/FreeRTOS/queue.o
                0x0000000008009bcc                xQueueGenericCreate
 .text.prvInitialiseNewQueue
                0x0000000008009c8a       0x52 ThirdParty/FreeRTOS/queue.o
 .text.xQueueGenericSend
                0x0000000008009cdc      0x24c ThirdParty/FreeRTOS/queue.o
                0x0000000008009cdc                xQueueGenericSend
 .text.xQueueGenericSendFromISR
                0x0000000008009f28      0x17c ThirdParty/FreeRTOS/queue.o
                0x0000000008009f28                xQueueGenericSendFromISR
 .text.xQueueGiveFromISR
                0x000000000800a0a4      0x160 ThirdParty/FreeRTOS/queue.o
                0x000000000800a0a4                xQueueGiveFromISR
 .text.xQueueReceive
                0x000000000800a204      0x220 ThirdParty/FreeRTOS/queue.o
                0x000000000800a204                xQueueReceive
 .text.xQueueSemaphoreTake
                0x000000000800a424      0x278 ThirdParty/FreeRTOS/queue.o
                0x000000000800a424                xQueueSemaphoreTake
 .text.xQueueReceiveFromISR
                0x000000000800a69c      0x15a ThirdParty/FreeRTOS/queue.o
                0x000000000800a69c                xQueueReceiveFromISR
 .text.uxQueueMessagesWaiting
                0x000000000800a7f6       0x3c ThirdParty/FreeRTOS/queue.o
                0x000000000800a7f6                uxQueueMessagesWaiting
 .text.prvGetDisinheritPriorityAfterTimeout
                0x000000000800a832       0x30 ThirdParty/FreeRTOS/queue.o
 .text.prvCopyDataToQueue
                0x000000000800a862       0xd4 ThirdParty/FreeRTOS/queue.o
 .text.prvCopyDataFromQueue
                0x000000000800a936       0x4c ThirdParty/FreeRTOS/queue.o
 .text.prvUnlockQueue
                0x000000000800a982       0xa4 ThirdParty/FreeRTOS/queue.o
 .text.prvIsQueueEmpty
                0x000000000800aa26       0x2c ThirdParty/FreeRTOS/queue.o
 .text.prvIsQueueFull
                0x000000000800aa52       0x30 ThirdParty/FreeRTOS/queue.o
 .text.xQueueIsQueueFullFromISR
                0x000000000800aa82       0x4c ThirdParty/FreeRTOS/queue.o
                0x000000000800aa82                xQueueIsQueueFullFromISR
 *fill*         0x000000000800aace        0x2 
 .text.vQueueAddToRegistry
                0x000000000800aad0       0x64 ThirdParty/FreeRTOS/queue.o
                0x000000000800aad0                vQueueAddToRegistry
 .text.vQueueWaitForMessageRestricted
                0x000000000800ab34       0x68 ThirdParty/FreeRTOS/queue.o
                0x000000000800ab34                vQueueWaitForMessageRestricted
 .text.xTaskCreate
                0x000000000800ab9c       0x82 ThirdParty/FreeRTOS/tasks.o
                0x000000000800ab9c                xTaskCreate
 .text.prvInitialiseNewTask
                0x000000000800ac1e      0x12c ThirdParty/FreeRTOS/tasks.o
 *fill*         0x000000000800ad4a        0x2 
 .text.prvAddNewTaskToReadyList
                0x000000000800ad4c      0x118 ThirdParty/FreeRTOS/tasks.o
 .text.vTaskDelay
                0x000000000800ae64       0x70 ThirdParty/FreeRTOS/tasks.o
                0x000000000800ae64                vTaskDelay
 .text.vTaskStartScheduler
                0x000000000800aed4       0xc4 ThirdParty/FreeRTOS/tasks.o
                0x000000000800aed4                vTaskStartScheduler
 .text.vTaskSuspendAll
                0x000000000800af98       0x1c ThirdParty/FreeRTOS/tasks.o
                0x000000000800af98                vTaskSuspendAll
 .text.xTaskResumeAll
                0x000000000800afb4      0x140 ThirdParty/FreeRTOS/tasks.o
                0x000000000800afb4                xTaskResumeAll
 .text.xTaskGetTickCount
                0x000000000800b0f4       0x20 ThirdParty/FreeRTOS/tasks.o
                0x000000000800b0f4                xTaskGetTickCount
 .text.xTaskGetTickCountFromISR
                0x000000000800b114       0x24 ThirdParty/FreeRTOS/tasks.o
                0x000000000800b114                xTaskGetTickCountFromISR
 .text.xTaskIncrementTick
                0x000000000800b138      0x178 ThirdParty/FreeRTOS/tasks.o
                0x000000000800b138                xTaskIncrementTick
 .text.vTaskSwitchContext
                0x000000000800b2b0       0xd4 ThirdParty/FreeRTOS/tasks.o
                0x000000000800b2b0                vTaskSwitchContext
 .text.vTaskPlaceOnEventList
                0x000000000800b384       0x48 ThirdParty/FreeRTOS/tasks.o
                0x000000000800b384                vTaskPlaceOnEventList
 .text.vTaskPlaceOnEventListRestricted
                0x000000000800b3cc       0x5c ThirdParty/FreeRTOS/tasks.o
                0x000000000800b3cc                vTaskPlaceOnEventListRestricted
 .text.xTaskRemoveFromEventList
                0x000000000800b428       0xcc ThirdParty/FreeRTOS/tasks.o
                0x000000000800b428                xTaskRemoveFromEventList
 .text.vTaskInternalSetTimeOutState
                0x000000000800b4f4       0x2c ThirdParty/FreeRTOS/tasks.o
                0x000000000800b4f4                vTaskInternalSetTimeOutState
 .text.xTaskCheckForTimeOut
                0x000000000800b520       0xcc ThirdParty/FreeRTOS/tasks.o
                0x000000000800b520                xTaskCheckForTimeOut
 .text.vTaskMissedYield
                0x000000000800b5ec       0x18 ThirdParty/FreeRTOS/tasks.o
                0x000000000800b5ec                vTaskMissedYield
 .text.prvIdleTask
                0x000000000800b604       0x30 ThirdParty/FreeRTOS/tasks.o
 .text.prvInitialiseTaskLists
                0x000000000800b634       0x80 ThirdParty/FreeRTOS/tasks.o
 .text.prvCheckTasksWaitingTermination
                0x000000000800b6b4       0x5c ThirdParty/FreeRTOS/tasks.o
 .text.prvDeleteTCB
                0x000000000800b710       0x20 ThirdParty/FreeRTOS/tasks.o
 .text.prvResetNextTaskUnblockTime
                0x000000000800b730       0x38 ThirdParty/FreeRTOS/tasks.o
 .text.xTaskGetSchedulerState
                0x000000000800b768       0x3c ThirdParty/FreeRTOS/tasks.o
                0x000000000800b768                xTaskGetSchedulerState
 .text.xTaskPriorityInherit
                0x000000000800b7a4       0xf4 ThirdParty/FreeRTOS/tasks.o
                0x000000000800b7a4                xTaskPriorityInherit
 .text.xTaskPriorityDisinherit
                0x000000000800b898      0x100 ThirdParty/FreeRTOS/tasks.o
                0x000000000800b898                xTaskPriorityDisinherit
 .text.vTaskPriorityDisinheritAfterTimeout
                0x000000000800b998      0x130 ThirdParty/FreeRTOS/tasks.o
                0x000000000800b998                vTaskPriorityDisinheritAfterTimeout
 .text.pvTaskIncrementMutexHeldCount
                0x000000000800bac8       0x28 ThirdParty/FreeRTOS/tasks.o
                0x000000000800bac8                pvTaskIncrementMutexHeldCount
 .text.xTaskGenericNotifyWait
                0x000000000800baf0      0x110 ThirdParty/FreeRTOS/tasks.o
                0x000000000800baf0                xTaskGenericNotifyWait
 .text.xTaskGenericNotifyFromISR
                0x000000000800bc00      0x22c ThirdParty/FreeRTOS/tasks.o
                0x000000000800bc00                xTaskGenericNotifyFromISR
 .text.prvAddCurrentTaskToDelayedList
                0x000000000800be2c       0xf0 ThirdParty/FreeRTOS/tasks.o
 .text.xTimerCreateTimerTask
                0x000000000800bf1c       0x64 ThirdParty/FreeRTOS/timers.o
                0x000000000800bf1c                xTimerCreateTimerTask
 .text.xTimerCreate
                0x000000000800bf80       0x42 ThirdParty/FreeRTOS/timers.o
                0x000000000800bf80                xTimerCreate
 .text.prvInitialiseNewTimer
                0x000000000800bfc2       0x76 ThirdParty/FreeRTOS/timers.o
 .text.xTimerGenericCommand
                0x000000000800c038       0x9c ThirdParty/FreeRTOS/timers.o
                0x000000000800c038                xTimerGenericCommand
 .text.prvProcessExpiredTimer
                0x000000000800c0d4       0x98 ThirdParty/FreeRTOS/timers.o
 .text.prvTimerTask
                0x000000000800c16c       0x24 ThirdParty/FreeRTOS/timers.o
 .text.prvProcessTimerOrBlockTask
                0x000000000800c190       0x9c ThirdParty/FreeRTOS/timers.o
 .text.prvGetNextExpireTime
                0x000000000800c22c       0x48 ThirdParty/FreeRTOS/timers.o
 .text.prvSampleTimeNow
                0x000000000800c274       0x40 ThirdParty/FreeRTOS/timers.o
 .text.prvInsertTimerInActiveList
                0x000000000800c2b4       0x84 ThirdParty/FreeRTOS/timers.o
 .text.prvProcessReceivedCommands
                0x000000000800c338      0x18c ThirdParty/FreeRTOS/timers.o
 .text.prvSwitchTimerLists
                0x000000000800c4c4       0xc8 ThirdParty/FreeRTOS/timers.o
 .text.prvCheckForValidListAndQueue
                0x000000000800c58c       0x6c ThirdParty/FreeRTOS/timers.o
 .text.pvTimerGetTimerID
                0x000000000800c5f8       0x40 ThirdParty/FreeRTOS/timers.o
                0x000000000800c5f8                pvTimerGetTimerID
 .text.pxPortInitialiseStack
                0x000000000800c638       0x68 ThirdParty/FreeRTOS/portable/GCC/ARM_CM4F/port.o
                0x000000000800c638                pxPortInitialiseStack
 .text.prvTaskExitError
                0x000000000800c6a0       0x58 ThirdParty/FreeRTOS/portable/GCC/ARM_CM4F/port.o
 *fill*         0x000000000800c6f8        0x8 
 .text.SVC_Handler
                0x000000000800c700       0x28 ThirdParty/FreeRTOS/portable/GCC/ARM_CM4F/port.o
                0x000000000800c700                SVC_Handler
 .text.prvPortStartFirstTask
                0x000000000800c728       0x2c ThirdParty/FreeRTOS/portable/GCC/ARM_CM4F/port.o
 .text.xPortStartScheduler
                0x000000000800c754      0x144 ThirdParty/FreeRTOS/portable/GCC/ARM_CM4F/port.o
                0x000000000800c754                xPortStartScheduler
 .text.vInitPrioGroupValue
                0x000000000800c898       0xfc ThirdParty/FreeRTOS/portable/GCC/ARM_CM4F/port.o
                0x000000000800c898                vInitPrioGroupValue
 .text.vPortEnterCritical
                0x000000000800c994       0x60 ThirdParty/FreeRTOS/portable/GCC/ARM_CM4F/port.o
                0x000000000800c994                vPortEnterCritical
 .text.vPortExitCritical
                0x000000000800c9f4       0x54 ThirdParty/FreeRTOS/portable/GCC/ARM_CM4F/port.o
                0x000000000800c9f4                vPortExitCritical
 *fill*         0x000000000800ca48        0x8 
 .text.PendSV_Handler
                0x000000000800ca50       0x68 ThirdParty/FreeRTOS/portable/GCC/ARM_CM4F/port.o
                0x000000000800ca50                PendSV_Handler
 .text.SysTick_Handler
                0x000000000800cab8       0x54 ThirdParty/FreeRTOS/portable/GCC/ARM_CM4F/port.o
                0x000000000800cab8                SysTick_Handler
 .text.vPortSetupTimerInterrupt
                0x000000000800cb0c       0x48 ThirdParty/FreeRTOS/portable/GCC/ARM_CM4F/port.o
                0x000000000800cb0c                vPortSetupTimerInterrupt
 .text.vPortEnableVFP
                0x000000000800cb54       0x18 ThirdParty/FreeRTOS/portable/GCC/ARM_CM4F/port.o
 .text.vPortValidateInterruptPriority
                0x000000000800cb6c       0x80 ThirdParty/FreeRTOS/portable/GCC/ARM_CM4F/port.o
                0x000000000800cb6c                vPortValidateInterruptPriority
 .text.pvPortMalloc
                0x000000000800cbec      0x1c0 ThirdParty/FreeRTOS/portable/MemMang/heap_4.o
                0x000000000800cbec                pvPortMalloc
 .text.vPortFree
                0x000000000800cdac       0xc4 ThirdParty/FreeRTOS/portable/MemMang/heap_4.o
                0x000000000800cdac                vPortFree
 .text.prvHeapInit
                0x000000000800ce70       0xc4 ThirdParty/FreeRTOS/portable/MemMang/heap_4.o
 .text.prvInsertBlockIntoFreeList
                0x000000000800cf34       0xb4 ThirdParty/FreeRTOS/portable/MemMang/heap_4.o
 .text._cbSendSystemDesc
                0x000000000800cfe8       0x1c ThirdParty/SEGGER/Config/SEGGER_SYSVIEW_Config_FreeRTOS.o
 .text.SEGGER_SYSVIEW_Conf
                0x000000000800d004       0x2c ThirdParty/SEGGER/Config/SEGGER_SYSVIEW_Config_FreeRTOS.o
                0x000000000800d004                SEGGER_SYSVIEW_Conf
 .text._cbSendTaskList
                0x000000000800d030       0x90 ThirdParty/SEGGER/OS/SEGGER_SYSVIEW_FreeRTOS.o
 .text._cbGetTime
                0x000000000800d0c0       0x78 ThirdParty/SEGGER/OS/SEGGER_SYSVIEW_FreeRTOS.o
 .text.SYSVIEW_AddTask
                0x000000000800d138       0xd0 ThirdParty/SEGGER/OS/SEGGER_SYSVIEW_FreeRTOS.o
                0x000000000800d138                SYSVIEW_AddTask
 .text.SYSVIEW_SendTaskInfo
                0x000000000800d208       0x42 ThirdParty/SEGGER/OS/SEGGER_SYSVIEW_FreeRTOS.o
                0x000000000800d208                SYSVIEW_SendTaskInfo
 *fill*         0x000000000800d24a        0x2 
 .text.__NVIC_EnableIRQ
                0x000000000800d24c       0x3c ThirdParty/SEGGER/Rec/segger_uart.o
 .text.__NVIC_SetPriority
                0x000000000800d288       0x54 ThirdParty/SEGGER/Rec/segger_uart.o
 .text._StartSysView
                0x000000000800d2dc       0x1e ThirdParty/SEGGER/Rec/segger_uart.o
 *fill*         0x000000000800d2fa        0x2 
 .text._cbOnUARTRx
                0x000000000800d2fc       0x40 ThirdParty/SEGGER/Rec/segger_uart.o
 .text._cbOnUARTTx
                0x000000000800d33c       0x64 ThirdParty/SEGGER/Rec/segger_uart.o
 .text.SEGGER_UART_init
                0x000000000800d3a0       0x24 ThirdParty/SEGGER/Rec/segger_uart.o
                0x000000000800d3a0                SEGGER_UART_init
 .text.USART3_IRQHandler
                0x000000000800d3c4       0x94 ThirdParty/SEGGER/Rec/segger_uart.o
                0x000000000800d3c4                USART3_IRQHandler
 .text.HIF_UART_EnableTXEInterrupt
                0x000000000800d458       0x20 ThirdParty/SEGGER/Rec/segger_uart.o
                0x000000000800d458                HIF_UART_EnableTXEInterrupt
 .text.HIF_UART_Init
                0x000000000800d478      0x13c ThirdParty/SEGGER/Rec/segger_uart.o
                0x000000000800d478                HIF_UART_Init
 .text._DoInit  0x000000000800d5b4       0xb0 ThirdParty/SEGGER/SEGGER/SEGGER_RTT.o
 .text._WriteBlocking
                0x000000000800d664       0xba ThirdParty/SEGGER/SEGGER/SEGGER_RTT.o
 .text._WriteNoCheck
                0x000000000800d71e       0x90 ThirdParty/SEGGER/SEGGER/SEGGER_RTT.o
 .text._GetAvailWriteSpace
                0x000000000800d7ae       0x46 ThirdParty/SEGGER/SEGGER/SEGGER_RTT.o
 .text.SEGGER_RTT_ReadUpBufferNoLock
                0x000000000800d7f4      0x10c ThirdParty/SEGGER/SEGGER/SEGGER_RTT.o
                0x000000000800d7f4                SEGGER_RTT_ReadUpBufferNoLock
 .text.SEGGER_RTT_ReadNoLock
                0x000000000800d900      0x10c ThirdParty/SEGGER/SEGGER/SEGGER_RTT.o
                0x000000000800d900                SEGGER_RTT_ReadNoLock
 .text.SEGGER_RTT_WriteDownBufferNoLock
                0x000000000800da0c       0xa0 ThirdParty/SEGGER/SEGGER/SEGGER_RTT.o
                0x000000000800da0c                SEGGER_RTT_WriteDownBufferNoLock
 .text.SEGGER_RTT_WriteNoLock
                0x000000000800daac       0xa0 ThirdParty/SEGGER/SEGGER/SEGGER_RTT.o
                0x000000000800daac                SEGGER_RTT_WriteNoLock
 .text.SEGGER_RTT_WriteDownBuffer
                0x000000000800db4c       0x4c ThirdParty/SEGGER/SEGGER/SEGGER_RTT.o
                0x000000000800db4c                SEGGER_RTT_WriteDownBuffer
 .text.SEGGER_RTT_Write
                0x000000000800db98       0x4c ThirdParty/SEGGER/SEGGER/SEGGER_RTT.o
                0x000000000800db98                SEGGER_RTT_Write
 .text.SEGGER_RTT_AllocUpBuffer
                0x000000000800dbe4      0x108 ThirdParty/SEGGER/SEGGER/SEGGER_RTT.o
                0x000000000800dbe4                SEGGER_RTT_AllocUpBuffer
 .text.SEGGER_RTT_ConfigDownBuffer
                0x000000000800dcec       0x98 ThirdParty/SEGGER/SEGGER/SEGGER_RTT.o
                0x000000000800dcec                SEGGER_RTT_ConfigDownBuffer
 .text._EncodeStr
                0x000000000800dd84       0xa0 ThirdParty/SEGGER/SEGGER/SEGGER_SYSVIEW.o
 .text._PreparePacket
                0x000000000800de24       0x18 ThirdParty/SEGGER/SEGGER/SEGGER_SYSVIEW.o
 .text._HandleIncomingPacket
                0x000000000800de3c       0xe4 ThirdParty/SEGGER/SEGGER/SEGGER_SYSVIEW.o
 .text._TrySendOverflowPacket
                0x000000000800df20       0xe8 ThirdParty/SEGGER/SEGGER/SEGGER_SYSVIEW.o
 .text._SendPacket
                0x000000000800e008      0x1d0 ThirdParty/SEGGER/SEGGER/SEGGER_SYSVIEW.o
 .text._StoreChar
                0x000000000800e1d8       0xf6 ThirdParty/SEGGER/SEGGER/SEGGER_SYSVIEW.o
 *fill*         0x000000000800e2ce        0x2 
 .text._PrintUnsigned
                0x000000000800e2d0      0x12c ThirdParty/SEGGER/SEGGER/SEGGER_SYSVIEW.o
 .text._PrintInt
                0x000000000800e3fc      0x11e ThirdParty/SEGGER/SEGGER/SEGGER_SYSVIEW.o
 *fill*         0x000000000800e51a        0x2 
 .text._VPrintTarget
                0x000000000800e51c      0x3f0 ThirdParty/SEGGER/SEGGER/SEGGER_SYSVIEW.o
 .text.SEGGER_SYSVIEW_Init
                0x000000000800e90c       0x88 ThirdParty/SEGGER/SEGGER/SEGGER_SYSVIEW.o
                0x000000000800e90c                SEGGER_SYSVIEW_Init
 .text.SEGGER_SYSVIEW_SetRAMBase
                0x000000000800e994       0x20 ThirdParty/SEGGER/SEGGER/SEGGER_SYSVIEW.o
                0x000000000800e994                SEGGER_SYSVIEW_SetRAMBase
 .text.SEGGER_SYSVIEW_RecordVoid
                0x000000000800e9b4       0x3c ThirdParty/SEGGER/SEGGER/SEGGER_SYSVIEW.o
                0x000000000800e9b4                SEGGER_SYSVIEW_RecordVoid
 .text.SEGGER_SYSVIEW_RecordU32
                0x000000000800e9f0       0x78 ThirdParty/SEGGER/SEGGER/SEGGER_SYSVIEW.o
                0x000000000800e9f0                SEGGER_SYSVIEW_RecordU32
 .text.SEGGER_SYSVIEW_RecordU32x2
                0x000000000800ea68       0xb4 ThirdParty/SEGGER/SEGGER/SEGGER_SYSVIEW.o
                0x000000000800ea68                SEGGER_SYSVIEW_RecordU32x2
 .text.SEGGER_SYSVIEW_RecordU32x3
                0x000000000800eb1c       0xec ThirdParty/SEGGER/SEGGER/SEGGER_SYSVIEW.o
                0x000000000800eb1c                SEGGER_SYSVIEW_RecordU32x3
 .text.SEGGER_SYSVIEW_RecordU32x4
                0x000000000800ec08      0x124 ThirdParty/SEGGER/SEGGER/SEGGER_SYSVIEW.o
                0x000000000800ec08                SEGGER_SYSVIEW_RecordU32x4
 .text.SEGGER_SYSVIEW_RecordU32x5
                0x000000000800ed2c      0x15c ThirdParty/SEGGER/SEGGER/SEGGER_SYSVIEW.o
                0x000000000800ed2c                SEGGER_SYSVIEW_RecordU32x5
 .text.SEGGER_SYSVIEW_Start
                0x000000000800ee88      0x178 ThirdParty/SEGGER/SEGGER/SEGGER_SYSVIEW.o
                0x000000000800ee88                SEGGER_SYSVIEW_Start
 .text.SEGGER_SYSVIEW_Stop
                0x000000000800f000       0x4c ThirdParty/SEGGER/SEGGER/SEGGER_SYSVIEW.o
                0x000000000800f000                SEGGER_SYSVIEW_Stop
 .text.SEGGER_SYSVIEW_GetSysDesc
                0x000000000800f04c      0x134 ThirdParty/SEGGER/SEGGER/SEGGER_SYSVIEW.o
                0x000000000800f04c                SEGGER_SYSVIEW_GetSysDesc
 .text.SEGGER_SYSVIEW_SendTaskInfo
                0x000000000800f180      0x1c8 ThirdParty/SEGGER/SEGGER/SEGGER_SYSVIEW.o
                0x000000000800f180                SEGGER_SYSVIEW_SendTaskInfo
 .text.SEGGER_SYSVIEW_SendTaskList
                0x000000000800f348       0x28 ThirdParty/SEGGER/SEGGER/SEGGER_SYSVIEW.o
                0x000000000800f348                SEGGER_SYSVIEW_SendTaskList
 .text.SEGGER_SYSVIEW_SendSysDesc
                0x000000000800f370       0x48 ThirdParty/SEGGER/SEGGER/SEGGER_SYSVIEW.o
                0x000000000800f370                SEGGER_SYSVIEW_SendSysDesc
 .text.SEGGER_SYSVIEW_RecordSystime
                0x000000000800f3b8       0x64 ThirdParty/SEGGER/SEGGER/SEGGER_SYSVIEW.o
                0x000000000800f3b8                SEGGER_SYSVIEW_RecordSystime
 .text.SEGGER_SYSVIEW_RecordEnterISR
                0x000000000800f41c       0x84 ThirdParty/SEGGER/SEGGER/SEGGER_SYSVIEW.o
                0x000000000800f41c                SEGGER_SYSVIEW_RecordEnterISR
 .text.SEGGER_SYSVIEW_RecordExitISR
                0x000000000800f4a0       0x38 ThirdParty/SEGGER/SEGGER/SEGGER_SYSVIEW.o
                0x000000000800f4a0                SEGGER_SYSVIEW_RecordExitISR
 .text.SEGGER_SYSVIEW_RecordExitISRToScheduler
                0x000000000800f4d8       0x38 ThirdParty/SEGGER/SEGGER/SEGGER_SYSVIEW.o
                0x000000000800f4d8                SEGGER_SYSVIEW_RecordExitISRToScheduler
 .text.SEGGER_SYSVIEW_RecordEnterTimer
                0x000000000800f510       0x80 ThirdParty/SEGGER/SEGGER/SEGGER_SYSVIEW.o
                0x000000000800f510                SEGGER_SYSVIEW_RecordEnterTimer
 .text.SEGGER_SYSVIEW_RecordExitTimer
                0x000000000800f590       0x38 ThirdParty/SEGGER/SEGGER/SEGGER_SYSVIEW.o
                0x000000000800f590                SEGGER_SYSVIEW_RecordExitTimer
 .text.SEGGER_SYSVIEW_OnIdle
                0x000000000800f5c8       0x38 ThirdParty/SEGGER/SEGGER/SEGGER_SYSVIEW.o
                0x000000000800f5c8                SEGGER_SYSVIEW_OnIdle
 .text.SEGGER_SYSVIEW_OnTaskCreate
                0x000000000800f600       0x84 ThirdParty/SEGGER/SEGGER/SEGGER_SYSVIEW.o
                0x000000000800f600                SEGGER_SYSVIEW_OnTaskCreate
 .text.SEGGER_SYSVIEW_OnTaskStartExec
                0x000000000800f684       0x84 ThirdParty/SEGGER/SEGGER/SEGGER_SYSVIEW.o
                0x000000000800f684                SEGGER_SYSVIEW_OnTaskStartExec
 .text.SEGGER_SYSVIEW_OnTaskStartReady
                0x000000000800f708       0x84 ThirdParty/SEGGER/SEGGER/SEGGER_SYSVIEW.o
                0x000000000800f708                SEGGER_SYSVIEW_OnTaskStartReady
 .text.SEGGER_SYSVIEW_OnTaskStopReady
                0x000000000800f78c       0xc0 ThirdParty/SEGGER/SEGGER/SEGGER_SYSVIEW.o
                0x000000000800f78c                SEGGER_SYSVIEW_OnTaskStopReady
 .text.SEGGER_SYSVIEW_ShrinkId
                0x000000000800f84c       0x20 ThirdParty/SEGGER/SEGGER/SEGGER_SYSVIEW.o
                0x000000000800f84c                SEGGER_SYSVIEW_ShrinkId
 .text.SEGGER_SYSVIEW_SendModule
                0x000000000800f86c      0x100 ThirdParty/SEGGER/SEGGER/SEGGER_SYSVIEW.o
                0x000000000800f86c                SEGGER_SYSVIEW_SendModule
 .text.SEGGER_SYSVIEW_SendModuleDescription
                0x000000000800f96c       0x3c ThirdParty/SEGGER/SEGGER/SEGGER_SYSVIEW.o
                0x000000000800f96c                SEGGER_SYSVIEW_SendModuleDescription
 .text.SEGGER_SYSVIEW_SendNumModules
                0x000000000800f9a8       0x7c ThirdParty/SEGGER/SEGGER/SEGGER_SYSVIEW.o
                0x000000000800f9a8                SEGGER_SYSVIEW_SendNumModules
 .text.SEGGER_SYSVIEW_PrintfTarget
                0x000000000800fa24       0x28 ThirdParty/SEGGER/SEGGER/SEGGER_SYSVIEW.o
                0x000000000800fa24                SEGGER_SYSVIEW_PrintfTarget
 .text.SEGGER_SYSVIEW_Warn
                0x000000000800fa4c       0xb8 ThirdParty/SEGGER/SEGGER/SEGGER_SYSVIEW.o
                0x000000000800fa4c                SEGGER_SYSVIEW_Warn
 .text.SEGGER_SYSVIEW_IsStarted
                0x000000000800fb04       0x5c ThirdParty/SEGGER/SEGGER/SEGGER_SYSVIEW.o
                0x000000000800fb04                SEGGER_SYSVIEW_IsStarted
 .text._write_r
                0x000000000800fb60       0x22 ThirdParty/SEGGER/SEGGER/Syscalls/SEGGER_RTT_Syscalls_GCC.o
                0x000000000800fb60                _write_r
 *fill*         0x000000000800fb82        0x2 
 .text.__errno  0x000000000800fb84        0xc c:/st/stm32cubeide_1.4.0/stm32cubeide/plugins/com.st.stm32cube.ide.mcu.externaltools.gnu-tools-for-stm32.9-2020-q2-update.win32_1.5.0.202011040924/tools/bin/../lib/gcc/arm-none-eabi/9.3.1/../../../../arm-none-eabi/lib/thumb/v7e-m+fp/hard\libc_nano.a(lib_a-errno.o)
                0x000000000800fb84                __errno
 .text.__libc_init_array
                0x000000000800fb90       0x48 c:/st/stm32cubeide_1.4.0/stm32cubeide/plugins/com.st.stm32cube.ide.mcu.externaltools.gnu-tools-for-stm32.9-2020-q2-update.win32_1.5.0.202011040924/tools/bin/../lib/gcc/arm-none-eabi/9.3.1/../../../../arm-none-eabi/lib/thumb/v7e-m+fp/hard\libc_nano.a(lib_a-init.o)
                0x000000000800fb90                __libc_init_array
 .text.memcmp   0x000000000800fbd8       0x1c c:/st/stm32cubeide_1.4.0/stm32cubeide/plugins/com.st.stm32cube.ide.mcu.externaltools.gnu-tools-for-stm32.9-2020-q2-update.win32_1.5.0.202011040924/tools/bin/../lib/gcc/arm-none-eabi/9.3.1/../../../../arm-none-eabi/lib/thumb/v7e-m+fp/hard\libc_nano.a(lib_a-memcmp.o)
                0x000000000800fbd8                memcmp
 .text.memcpy   0x000000000800fbf4       0x1c c:/st/stm32cubeide_1.4.0/stm32cubeide/plugins/com.st.stm32cube.ide.mcu.externaltools.gnu-tools-for-stm32.9-2020-q2-update.win32_1.5.0.202011040924/tools/bin/../lib/gcc/arm-none-eabi/9.3.1/../../../../arm-none-eabi/lib/thumb/v7e-m+fp/hard\libc_nano.a(lib_a-memcpy-stub.o)
                0x000000000800fbf4                memcpy
 .text.memset   0x000000000800fc10       0x10 c:/st/stm32cubeide_1.4.0/stm32cubeide/plugins/com.st.stm32cube.ide.mcu.externaltools.gnu-tools-for-stm32.9-2020-q2-update.win32_1.5.0.202011040924/tools/bin/../lib/gcc/arm-none-eabi/9.3.1/../../../../arm-none-eabi/lib/thumb/v7e-m+fp/hard\libc_nano.a(lib_a-memset.o)
                0x000000000800fc10                memset
 .text.__cvt    0x000000000800fc20       0xc4 c:/st/stm32cubeide_1.4.0/stm32cubeide/plugins/com.st.stm32cube.ide.mcu.externaltools.gnu-tools-for-stm32.9-2020-q2-update.win32_1.5.0.202011040924/tools/bin/../lib/gcc/arm-none-eabi/9.3.1/../../../../arm-none-eabi/lib/thumb/v7e-m+fp/hard\libc_nano.a(lib_a-nano-vfprintf_float.o)
                0x000000000800fc20                __cvt
 .text.__exponent
                0x000000000800fce4       0x7c c:/st/stm32cubeide_1.4.0/stm32cubeide/plugins/com.st.stm32cube.ide.mcu.externaltools.gnu-tools-for-stm32.9-2020-q2-update.win32_1.5.0.202011040924/tools/bin/../lib/gcc/arm-none-eabi/9.3.1/../../../../arm-none-eabi/lib/thumb/v7e-m+fp/hard\libc_nano.a(lib_a-nano-vfprintf_float.o)
                0x000000000800fce4                __exponent
 .text._printf_float
                0x000000000800fd60      0x46c c:/st/stm32cubeide_1.4.0/stm32cubeide/plugins/com.st.stm32cube.ide.mcu.externaltools.gnu-tools-for-stm32.9-2020-q2-update.win32_1.5.0.202011040924/tools/bin/../lib/gcc/arm-none-eabi/9.3.1/../../../../arm-none-eabi/lib/thumb/v7e-m+fp/hard\libc_nano.a(lib_a-nano-vfprintf_float.o)
                0x000000000800fd60                _printf_float
 .text._printf_common
                0x00000000080101cc       0xda c:/st/stm32cubeide_1.4.0/stm32cubeide/plugins/com.st.stm32cube.ide.mcu.externaltools.gnu-tools-for-stm32.9-2020-q2-update.win32_1.5.0.202011040924/tools/bin/../lib/gcc/arm-none-eabi/9.3.1/../../../../arm-none-eabi/lib/thumb/v7e-m+fp/hard\libc_nano.a(lib_a-nano-vfprintf_i.o)
                0x00000000080101cc                _printf_common
 *fill*         0x00000000080102a6        0x2 
 .text._printf_i
                0x00000000080102a8      0x24c c:/st/stm32cubeide_1.4.0/stm32cubeide/plugins/com.st.stm32cube.ide.mcu.externaltools.gnu-tools-for-stm32.9-2020-q2-update.win32_1.5.0.202011040924/tools/bin/../lib/gcc/arm-none-eabi/9.3.1/../../../../arm-none-eabi/lib/thumb/v7e-m+fp/hard\libc_nano.a(lib_a-nano-vfprintf_i.o)
                0x00000000080102a8                _printf_i
 .text.snprintf
                0x00000000080104f4       0x68 c:/st/stm32cubeide_1.4.0/stm32cubeide/plugins/com.st.stm32cube.ide.mcu.externaltools.gnu-tools-for-stm32.9-2020-q2-update.win32_1.5.0.202011040924/tools/bin/../lib/gcc/arm-none-eabi/9.3.1/../../../../arm-none-eabi/lib/thumb/v7e-m+fp/hard\libc_nano.a(lib_a-snprintf.o)
                0x00000000080104f4                sniprintf
                0x00000000080104f4                snprintf
 .text.sprintf  0x000000000801055c       0x40 c:/st/stm32cubeide_1.4.0/stm32cubeide/plugins/com.st.stm32cube.ide.mcu.externaltools.gnu-tools-for-stm32.9-2020-q2-update.win32_1.5.0.202011040924/tools/bin/../lib/gcc/arm-none-eabi/9.3.1/../../../../arm-none-eabi/lib/thumb/v7e-m+fp/hard\libc_nano.a(lib_a-sprintf.o)
                0x000000000801055c                siprintf
                0x000000000801055c                sprintf
 .text.quorem   0x000000000801059c      0x116 c:/st/stm32cubeide_1.4.0/stm32cubeide/plugins/com.st.stm32cube.ide.mcu.externaltools.gnu-tools-for-stm32.9-2020-q2-update.win32_1.5.0.202011040924/tools/bin/../lib/gcc/arm-none-eabi/9.3.1/../../../../arm-none-eabi/lib/thumb/v7e-m+fp/hard\libc_nano.a(lib_a-dtoa.o)
 *fill*         0x00000000080106b2        0x6 
 .text._dtoa_r  0x00000000080106b8      0xbd8 c:/st/stm32cubeide_1.4.0/stm32cubeide/plugins/com.st.stm32cube.ide.mcu.externaltools.gnu-tools-for-stm32.9-2020-q2-update.win32_1.5.0.202011040924/tools/bin/../lib/gcc/arm-none-eabi/9.3.1/../../../../arm-none-eabi/lib/thumb/v7e-m+fp/hard\libc_nano.a(lib_a-dtoa.o)
                0x00000000080106b8                _dtoa_r
 .text._localeconv_r
                0x0000000008011290        0x8 c:/st/stm32cubeide_1.4.0/stm32cubeide/plugins/com.st.stm32cube.ide.mcu.externaltools.gnu-tools-for-stm32.9-2020-q2-update.win32_1.5.0.202011040924/tools/bin/../lib/gcc/arm-none-eabi/9.3.1/../../../../arm-none-eabi/lib/thumb/v7e-m+fp/hard\libc_nano.a(lib_a-localeconv.o)
                0x0000000008011290                _localeconv_r
 .text.malloc   0x0000000008011298       0x10 c:/st/stm32cubeide_1.4.0/stm32cubeide/plugins/com.st.stm32cube.ide.mcu.externaltools.gnu-tools-for-stm32.9-2020-q2-update.win32_1.5.0.202011040924/tools/bin/../lib/gcc/arm-none-eabi/9.3.1/../../../../arm-none-eabi/lib/thumb/v7e-m+fp/hard\libc_nano.a(lib_a-malloc.o)
                0x0000000008011298                malloc
 .text._Balloc  0x00000000080112a8       0x80 c:/st/stm32cubeide_1.4.0/stm32cubeide/plugins/com.st.stm32cube.ide.mcu.externaltools.gnu-tools-for-stm32.9-2020-q2-update.win32_1.5.0.202011040924/tools/bin/../lib/gcc/arm-none-eabi/9.3.1/../../../../arm-none-eabi/lib/thumb/v7e-m+fp/hard\libc_nano.a(lib_a-mprec.o)
                0x00000000080112a8                _Balloc
 .text._Bfree   0x0000000008011328       0x44 c:/st/stm32cubeide_1.4.0/stm32cubeide/plugins/com.st.stm32cube.ide.mcu.externaltools.gnu-tools-for-stm32.9-2020-q2-update.win32_1.5.0.202011040924/tools/bin/../lib/gcc/arm-none-eabi/9.3.1/../../../../arm-none-eabi/lib/thumb/v7e-m+fp/hard\libc_nano.a(lib_a-mprec.o)
                0x0000000008011328                _Bfree
 .text.__multadd
                0x000000000801136c       0x94 c:/st/stm32cubeide_1.4.0/stm32cubeide/plugins/com.st.stm32cube.ide.mcu.externaltools.gnu-tools-for-stm32.9-2020-q2-update.win32_1.5.0.202011040924/tools/bin/../lib/gcc/arm-none-eabi/9.3.1/../../../../arm-none-eabi/lib/thumb/v7e-m+fp/hard\libc_nano.a(lib_a-mprec.o)
                0x000000000801136c                __multadd
 .text.__hi0bits
                0x0000000008011400       0x40 c:/st/stm32cubeide_1.4.0/stm32cubeide/plugins/com.st.stm32cube.ide.mcu.externaltools.gnu-tools-for-stm32.9-2020-q2-update.win32_1.5.0.202011040924/tools/bin/../lib/gcc/arm-none-eabi/9.3.1/../../../../arm-none-eabi/lib/thumb/v7e-m+fp/hard\libc_nano.a(lib_a-mprec.o)
                0x0000000008011400                __hi0bits
 .text.__lo0bits
                0x0000000008011440       0x60 c:/st/stm32cubeide_1.4.0/stm32cubeide/plugins/com.st.stm32cube.ide.mcu.externaltools.gnu-tools-for-stm32.9-2020-q2-update.win32_1.5.0.202011040924/tools/bin/../lib/gcc/arm-none-eabi/9.3.1/../../../../arm-none-eabi/lib/thumb/v7e-m+fp/hard\libc_nano.a(lib_a-mprec.o)
                0x0000000008011440                __lo0bits
 .text.__i2b    0x00000000080114a0       0x2c c:/st/stm32cubeide_1.4.0/stm32cubeide/plugins/com.st.stm32cube.ide.mcu.externaltools.gnu-tools-for-stm32.9-2020-q2-update.win32_1.5.0.202011040924/tools/bin/../lib/gcc/arm-none-eabi/9.3.1/../../../../arm-none-eabi/lib/thumb/v7e-m+fp/hard\libc_nano.a(lib_a-mprec.o)
                0x00000000080114a0                __i2b
 .text.__multiply
                0x00000000080114cc      0x14c c:/st/stm32cubeide_1.4.0/stm32cubeide/plugins/com.st.stm32cube.ide.mcu.externaltools.gnu-tools-for-stm32.9-2020-q2-update.win32_1.5.0.202011040924/tools/bin/../lib/gcc/arm-none-eabi/9.3.1/../../../../arm-none-eabi/lib/thumb/v7e-m+fp/hard\libc_nano.a(lib_a-mprec.o)
                0x00000000080114cc                __multiply
 .text.__pow5mult
                0x0000000008011618       0xb4 c:/st/stm32cubeide_1.4.0/stm32cubeide/plugins/com.st.stm32cube.ide.mcu.externaltools.gnu-tools-for-stm32.9-2020-q2-update.win32_1.5.0.202011040924/tools/bin/../lib/gcc/arm-none-eabi/9.3.1/../../../../arm-none-eabi/lib/thumb/v7e-m+fp/hard\libc_nano.a(lib_a-mprec.o)
                0x0000000008011618                __pow5mult
 .text.__lshift
                0x00000000080116cc       0xd8 c:/st/stm32cubeide_1.4.0/stm32cubeide/plugins/com.st.stm32cube.ide.mcu.externaltools.gnu-tools-for-stm32.9-2020-q2-update.win32_1.5.0.202011040924/tools/bin/../lib/gcc/arm-none-eabi/9.3.1/../../../../arm-none-eabi/lib/thumb/v7e-m+fp/hard\libc_nano.a(lib_a-mprec.o)
                0x00000000080116cc                __lshift
 .text.__mcmp   0x00000000080117a4       0x38 c:/st/stm32cubeide_1.4.0/stm32cubeide/plugins/com.st.stm32cube.ide.mcu.externaltools.gnu-tools-for-stm32.9-2020-q2-update.win32_1.5.0.202011040924/tools/bin/../lib/gcc/arm-none-eabi/9.3.1/../../../../arm-none-eabi/lib/thumb/v7e-m+fp/hard\libc_nano.a(lib_a-mprec.o)
                0x00000000080117a4                __mcmp
 .text.__mdiff  0x00000000080117dc      0x110 c:/st/stm32cubeide_1.4.0/stm32cubeide/plugins/com.st.stm32cube.ide.mcu.externaltools.gnu-tools-for-stm32.9-2020-q2-update.win32_1.5.0.202011040924/tools/bin/../lib/gcc/arm-none-eabi/9.3.1/../../../../arm-none-eabi/lib/thumb/v7e-m+fp/hard\libc_nano.a(lib_a-mprec.o)
                0x00000000080117dc                __mdiff
 .text.__d2b    0x00000000080118ec       0xb8 c:/st/stm32cubeide_1.4.0/stm32cubeide/plugins/com.st.stm32cube.ide.mcu.externaltools.gnu-tools-for-stm32.9-2020-q2-update.win32_1.5.0.202011040924/tools/bin/../lib/gcc/arm-none-eabi/9.3.1/../../../../arm-none-eabi/lib/thumb/v7e-m+fp/hard\libc_nano.a(lib_a-mprec.o)
                0x00000000080118ec                __d2b
 .text._calloc_r
                0x00000000080119a4       0x1e c:/st/stm32cubeide_1.4.0/stm32cubeide/plugins/com.st.stm32cube.ide.mcu.externaltools.gnu-tools-for-stm32.9-2020-q2-update.win32_1.5.0.202011040924/tools/bin/../lib/gcc/arm-none-eabi/9.3.1/../../../../arm-none-eabi/lib/thumb/v7e-m+fp/hard\libc_nano.a(lib_a-nano-callocr.o)
                0x00000000080119a4                _calloc_r
 *fill*         0x00000000080119c2        0x2 
 .text._free_r  0x00000000080119c4       0xa0 c:/st/stm32cubeide_1.4.0/stm32cubeide/plugins/com.st.stm32cube.ide.mcu.externaltools.gnu-tools-for-stm32.9-2020-q2-update.win32_1.5.0.202011040924/tools/bin/../lib/gcc/arm-none-eabi/9.3.1/../../../../arm-none-eabi/lib/thumb/v7e-m+fp/hard\libc_nano.a(lib_a-nano-freer.o)
                0x00000000080119c4                _free_r
 .text._malloc_r
                0x0000000008011a64       0xb4 c:/st/stm32cubeide_1.4.0/stm32cubeide/plugins/com.st.stm32cube.ide.mcu.externaltools.gnu-tools-for-stm32.9-2020-q2-update.win32_1.5.0.202011040924/tools/bin/../lib/gcc/arm-none-eabi/9.3.1/../../../../arm-none-eabi/lib/thumb/v7e-m+fp/hard\libc_nano.a(lib_a-nano-mallocr.o)
                0x0000000008011a64                _malloc_r
 .text.__ssputs_r
                0x0000000008011b18       0xb6 c:/st/stm32cubeide_1.4.0/stm32cubeide/plugins/com.st.stm32cube.ide.mcu.externaltools.gnu-tools-for-stm32.9-2020-q2-update.win32_1.5.0.202011040924/tools/bin/../lib/gcc/arm-none-eabi/9.3.1/../../../../arm-none-eabi/lib/thumb/v7e-m+fp/hard\libc_nano.a(lib_a-nano-svfprintf.o)
                0x0000000008011b18                __ssputs_r
 *fill*         0x0000000008011bce        0x2 
 .text._svfprintf_r
                0x0000000008011bd0      0x200 c:/st/stm32cubeide_1.4.0/stm32cubeide/plugins/com.st.stm32cube.ide.mcu.externaltools.gnu-tools-for-stm32.9-2020-q2-update.win32_1.5.0.202011040924/tools/bin/../lib/gcc/arm-none-eabi/9.3.1/../../../../arm-none-eabi/lib/thumb/v7e-m+fp/hard\libc_nano.a(lib_a-nano-svfprintf.o)
                0x0000000008011bd0                _svfiprintf_r
                0x0000000008011bd0                _svfprintf_r
 .text._sbrk_r  0x0000000008011dd0       0x20 c:/st/stm32cubeide_1.4.0/stm32cubeide/plugins/com.st.stm32cube.ide.mcu.externaltools.gnu-tools-for-stm32.9-2020-q2-update.win32_1.5.0.202011040924/tools/bin/../lib/gcc/arm-none-eabi/9.3.1/../../../../arm-none-eabi/lib/thumb/v7e-m+fp/hard\libc_nano.a(lib_a-sbrkr.o)
                0x0000000008011dd0                _sbrk_r
 .text.__assert_func
                0x0000000008011df0       0x3c c:/st/stm32cubeide_1.4.0/stm32cubeide/plugins/com.st.stm32cube.ide.mcu.externaltools.gnu-tools-for-stm32.9-2020-q2-update.win32_1.5.0.202011040924/tools/bin/../lib/gcc/arm-none-eabi/9.3.1/../../../../arm-none-eabi/lib/thumb/v7e-m+fp/hard\libc_nano.a(lib_a-assert.o)
                0x0000000008011df0                __assert_func
 .text.fprintf  0x0000000008011e2c       0x24 c:/st/stm32cubeide_1.4.0/stm32cubeide/plugins/com.st.stm32cube.ide.mcu.externaltools.gnu-tools-for-stm32.9-2020-q2-update.win32_1.5.0.202011040924/tools/bin/../lib/gcc/arm-none-eabi/9.3.1/../../../../arm-none-eabi/lib/thumb/v7e-m+fp/hard\libc_nano.a(lib_a-fprintf.o)
                0x0000000008011e2c                fiprintf
                0x0000000008011e2c                fprintf
 .text.__ascii_mbtowc
                0x0000000008011e50       0x24 c:/st/stm32cubeide_1.4.0/stm32cubeide/plugins/com.st.stm32cube.ide.mcu.externaltools.gnu-tools-for-stm32.9-2020-q2-update.win32_1.5.0.202011040924/tools/bin/../lib/gcc/arm-none-eabi/9.3.1/../../../../arm-none-eabi/lib/thumb/v7e-m+fp/hard\libc_nano.a(lib_a-mbtowc_r.o)
                0x0000000008011e50                __ascii_mbtowc
 .text.memmove  0x0000000008011e74       0x34 c:/st/stm32cubeide_1.4.0/stm32cubeide/plugins/com.st.stm32cube.ide.mcu.externaltools.gnu-tools-for-stm32.9-2020-q2-update.win32_1.5.0.202011040924/tools/bin/../lib/gcc/arm-none-eabi/9.3.1/../../../../arm-none-eabi/lib/thumb/v7e-m+fp/hard\libc_nano.a(lib_a-memmove.o)
                0x0000000008011e74                memmove
 .text.__malloc_lock
                0x0000000008011ea8        0xc c:/st/stm32cubeide_1.4.0/stm32cubeide/plugins/com.st.stm32cube.ide.mcu.externaltools.gnu-tools-for-stm32.9-2020-q2-update.win32_1.5.0.202011040924/tools/bin/../lib/gcc/arm-none-eabi/9.3.1/../../../../arm-none-eabi/lib/thumb/v7e-m+fp/hard\libc_nano.a(lib_a-mlock.o)
                0x0000000008011ea8                __malloc_lock
 .text.__malloc_unlock
                0x0000000008011eb4        0xc c:/st/stm32cubeide_1.4.0/stm32cubeide/plugins/com.st.stm32cube.ide.mcu.externaltools.gnu-tools-for-stm32.9-2020-q2-update.win32_1.5.0.202011040924/tools/bin/../lib/gcc/arm-none-eabi/9.3.1/../../../../arm-none-eabi/lib/thumb/v7e-m+fp/hard\libc_nano.a(lib_a-mlock.o)
                0x0000000008011eb4                __malloc_unlock
 .text._realloc_r
                0x0000000008011ec0       0x4c c:/st/stm32cubeide_1.4.0/stm32cubeide/plugins/com.st.stm32cube.ide.mcu.externaltools.gnu-tools-for-stm32.9-2020-q2-update.win32_1.5.0.202011040924/tools/bin/../lib/gcc/arm-none-eabi/9.3.1/../../../../arm-none-eabi/lib/thumb/v7e-m+fp/hard\libc_nano.a(lib_a-nano-reallocr.o)
                0x0000000008011ec0                _realloc_r
 .text.__sfputc_r
                0x0000000008011f0c       0x2e c:/st/stm32cubeide_1.4.0/stm32cubeide/plugins/com.st.stm32cube.ide.mcu.externaltools.gnu-tools-for-stm32.9-2020-q2-update.win32_1.5.0.202011040924/tools/bin/../lib/gcc/arm-none-eabi/9.3.1/../../../../arm-none-eabi/lib/thumb/v7e-m+fp/hard\libc_nano.a(lib_a-nano-vfprintf.o)
 .text.__sfputs_r
                0x0000000008011f3a       0x24 c:/st/stm32cubeide_1.4.0/stm32cubeide/plugins/com.st.stm32cube.ide.mcu.externaltools.gnu-tools-for-stm32.9-2020-q2-update.win32_1.5.0.202011040924/tools/bin/../lib/gcc/arm-none-eabi/9.3.1/../../../../arm-none-eabi/lib/thumb/v7e-m+fp/hard\libc_nano.a(lib_a-nano-vfprintf.o)
                0x0000000008011f3a                __sfputs_r
 *fill*         0x0000000008011f5e        0x2 
 .text._vfprintf_r
                0x0000000008011f60      0x260 c:/st/stm32cubeide_1.4.0/stm32cubeide/plugins/com.st.stm32cube.ide.mcu.externaltools.gnu-tools-for-stm32.9-2020-q2-update.win32_1.5.0.202011040924/tools/bin/../lib/gcc/arm-none-eabi/9.3.1/../../../../arm-none-eabi/lib/thumb/v7e-m+fp/hard\libc_nano.a(lib_a-nano-vfprintf.o)
                0x0000000008011f60                _vfprintf_r
                0x0000000008011f60                _vfiprintf_r
 .text.__swbuf_r
                0x00000000080121c0       0xa4 c:/st/stm32cubeide_1.4.0/stm32cubeide/plugins/com.st.stm32cube.ide.mcu.externaltools.gnu-tools-for-stm32.9-2020-q2-update.win32_1.5.0.202011040924/tools/bin/../lib/gcc/arm-none-eabi/9.3.1/../../../../arm-none-eabi/lib/thumb/v7e-m+fp/hard\libc_nano.a(lib_a-wbuf.o)
                0x00000000080121c0                __swbuf_r
 .text.__ascii_wctomb