main.c:58:5:main	8	static
main.c:78:6:idle_task	4	static
main.c:83:6:task1_handler	8	static
main.c:94:6:task2_handler	8	static
main.c:105:6:task3_handler	8	static
main.c:116:6:task4_handler	8	static
main.c:127:6:init_systick_timer	32	static
main.c:148:29:init_scheduler_stack	0	static,ignoring_inline_asm
main.c:154:6:init_tasks_stack	24	static
main.c:199:6:enable_processor_faults	16	static
main.c:208:10:get_psp_value	4	static
main.c:213:6:save_psp_value	16	static
main.c:218:6:update_next_task	16	static
main.c:235:29:switch_sp_to_psp	0	static,ignoring_inline_asm
main.c:250:6:schedule	16	static
main.c:257:6:task_delay	16	static,ignoring_inline_asm
main.c:273:29:PendSV_Handler	0	static,ignoring_inline_asm
main.c:299:6:update_global_tick_count	4	static
main.c:304:6:unblock_tasks	16	static
main.c:318:6:SysTick_Handler	16	static
main.c:329:6:HardFault_Handler	8	static
main.c:335:6:MemManage_Handler	8	static
main.c:341:6:BusFault_Handler	8	static
